[    3583ms] [ERROR] Failed to load resource: the server responded with a status of 404 () @ http://localhost:3000/favicon.ico:0
[    4398ms] [INFO] %cDownload the React DevTools for a better development experience: https://react.dev/link/react-devtools font-weight:bold @ http://localhost:3000/node_modules/.vite/deps/react-dom_client.js?v=193568e9:14335
[   18475ms] [ERROR] %c[Server]%c color: #9333ea; font-weight: bold; color: inherit; Error in renderToReadableStream: {name: SyntaxError, message: [vite] Named export 'Github' not found. The reques…t pkg from 'lucide-react';
const {Github} = pkg;
, stack: SyntaxError: [vite] Named export 'Github' not foun…_modules/vite/dist/node/module-runner.js:1172:90)} {componentStack: 
    at Lazy (<anonymous>)
    at MatchInnerImpl (…eact-start-server/dist/esm/StartServer.js:13:113)} @ http://localhost:3000/src/routes/__root.tsx:259
[   24430ms] [LOG] %c[Server]%c color: #9333ea; font-weight: bold; color: inherit; 14.13.15 [vite] (client) hmr update /src/styles.css?direct, /src/features/auth/components/GoogleAuth.tsx @ http://localhost:3000/src/routes/__root.tsx:259
[   24430ms] [LOG] %c[Server]%c color: #9333ea; font-weight: bold; color: inherit; 14.13.15 [vite] (client) hmr update /src/styles.css?direct, /src/features/auth/components/GithubAuth.tsx @ http://localhost:3000/src/routes/__root.tsx:259
[   24430ms] [LOG] %c[Server]%c color: #9333ea; font-weight: bold; color: inherit; 14.13.15 [vite] (ssr) page reload src/features/auth/components/GithubAuth.tsx @ http://localhost:3000/src/routes/__root.tsx:259
[   24430ms] [LOG] %c[Server]%c color: #9333ea; font-weight: bold; color: inherit; 14.13.15 [vite] (ssr) program reload @ http://localhost:3000/src/routes/__root.tsx:259
[   63234ms] [LOG] %c[Server]%c color: #9333ea; font-weight: bold; color: inherit; 14.13.53 [vite] (client) hmr update /src/styles.css?direct, /src/components/ui/ButtonIcon.tsx @ http://localhost:3000/src/routes/__root.tsx:259
[   63234ms] [LOG] %c[Server]%c color: #9333ea; font-weight: bold; color: inherit; 14.13.53 [vite] (ssr) page reload src/components/ui/ButtonIcon.tsx @ http://localhost:3000/src/routes/__root.tsx:259
[   63234ms] [LOG] %c[Server]%c color: #9333ea; font-weight: bold; color: inherit; 14.13.54 [vite] (ssr) program reload @ http://localhost:3000/src/routes/__root.tsx:259
[   63341ms] [LOG] %c[Server]%c color: #9333ea; font-weight: bold; color: inherit; 14.13.54 [vite] (client) hmr update /src/styles.css?direct @ http://localhost:3000/src/routes/__root.tsx:259
[   63464ms] [LOG] %c[Server]%c color: #9333ea; font-weight: bold; color: inherit; 14.13.54 [vite] (client) hmr update /src/styles.css?direct, /src/routes/index.tsx, /src/routes/index.tsx?tsr-split=component @ http://localhost:3000/src/routes/__root.tsx:259
[   63465ms] [LOG] %c[Server]%c color: #9333ea; font-weight: bold; color: inherit; 14.13.54 [vite] (ssr) page reload src/routes/index.tsx @ http://localhost:3000/src/routes/__root.tsx:259
[  100988ms] [LOG] %c[Server]%c color: #9333ea; font-weight: bold; color: inherit; 14.14.31 [vite] (client) hmr update /src/styles.css?direct, /src/routes/login.tsx, /src/routes/login.tsx?tsr-split=component @ http://localhost:3000/src/routes/__root.tsx:259
[  100988ms] [LOG] %c[Server]%c color: #9333ea; font-weight: bold; color: inherit; 14.14.31 [vite] (ssr) page reload src/routes/login.tsx @ http://localhost:3000/src/routes/__root.tsx:259
[  100988ms] [LOG] %c[Server]%c color: #9333ea; font-weight: bold; color: inherit; 14.14.31 [vite] (client) hmr update /src/styles.css?direct, /src/routes/index.tsx, /src/routes/index.tsx?tsr-split=component @ http://localhost:3000/src/routes/__root.tsx:259
[  100989ms] [LOG] %c[Server]%c color: #9333ea; font-weight: bold; color: inherit; 14.14.31 [vite] (ssr) page reload src/routes/index.tsx @ http://localhost:3000/src/routes/__root.tsx:259
[  100989ms] [LOG] %c[Server]%c color: #9333ea; font-weight: bold; color: inherit; 14.14.31 [vite] (client) page reload src/routeTree.gen.ts @ http://localhost:3000/src/routes/__root.tsx:259
[  100989ms] [LOG] %c[Server]%c color: #9333ea; font-weight: bold; color: inherit; 14.14.31 [vite] (ssr) page reload src/routeTree.gen.ts @ http://localhost:3000/src/routes/__root.tsx:259
[  101149ms] [ERROR] Failed to load resource: the server responded with a status of 404 () @ http://localhost:3000/src/routes/login.tsx?t=1787987671710:0
[  101149ms] [ERROR] [vite] Failed to reload /src/routes/login.tsx. This could be due to syntax errors or importing non-existent modules. (see errors above) @ http://localhost:3000/src/routes/__root.tsx:193
[  101196ms] [ERROR] Failed to load resource: the server responded with a status of 404 () @ http://localhost:3000/src/routes/index.tsx?t=1787987671711:0
[  101197ms] [ERROR] Failed to load resource: the server responded with a status of 404 () @ http://localhost:3000/src/routes/index.tsx?t=1787987671711&tsr-split=component:0
[  101197ms] [WARNING] %c[Server]%c color: #9333ea; font-weight: bold; color: inherit; Warning: A notFoundError was encountered on the route with ID "__root__", but a notFoundComponent option was not configured, nor was a router level defaultNotFoundComponent configured. Consider configuring at least one of these to avoid TanStack Router's overly generic defaultNotFoundComponent (<p>Not Found</p>) @ http://localhost:3000/src/routes/__root.tsx:259
[  101198ms] [WARNING] %c[Server]%c color: #9333ea; font-weight: bold; color: inherit; Warning: A notFoundError was encountered on the route with ID "__root__", but a notFoundComponent option was not configured, nor was a router level defaultNotFoundComponent configured. Consider configuring at least one of these to avoid TanStack Router's overly generic defaultNotFoundComponent (<p>Not Found</p>) @ http://localhost:3000/src/routes/__root.tsx:259
[  101198ms] [WARNING] %c[Server]%c color: #9333ea; font-weight: bold; color: inherit; Warning: A notFoundError was encountered on the route with ID "__root__", but a notFoundComponent option was not configured, nor was a router level defaultNotFoundComponent configured. Consider configuring at least one of these to avoid TanStack Router's overly generic defaultNotFoundComponent (<p>Not Found</p>) @ http://localhost:3000/src/routes/__root.tsx:259
[  101198ms] [WARNING] %c[Server]%c color: #9333ea; font-weight: bold; color: inherit; Warning: A notFoundError was encountered on the route with ID "__root__", but a notFoundComponent option was not configured, nor was a router level defaultNotFoundComponent configured. Consider configuring at least one of these to avoid TanStack Router's overly generic defaultNotFoundComponent (<p>Not Found</p>) @ http://localhost:3000/src/routes/__root.tsx:259
[  101198ms] [WARNING] %c[Server]%c color: #9333ea; font-weight: bold; color: inherit; Warning: A notFoundError was encountered on the route with ID "__root__", but a notFoundComponent option was not configured, nor was a router level defaultNotFoundComponent configured. Consider configuring at least one of these to avoid TanStack Router's overly generic defaultNotFoundComponent (<p>Not Found</p>) @ http://localhost:3000/src/routes/__root.tsx:259
[  101198ms] [ERROR] [vite] Failed to reload /src/routes/index.tsx. This could be due to syntax errors or importing non-existent modules. (see errors above) @ http://localhost:3000/src/routes/__root.tsx:193
[  101199ms] [ERROR] [vite] Failed to reload /src/routes/index.tsx?tsr-split=component. This could be due to syntax errors or importing non-existent modules. (see errors above) @ http://localhost:3000/src/routes/__root.tsx:193
[  101693ms] [INFO] %cDownload the React DevTools for a better development experience: https://react.dev/link/react-devtools font-weight:bold @ http://localhost:3000/node_modules/.vite/deps/react-dom_client.js?v=193568e9:14335
[  113634ms] [LOG] %c[Server]%c color: #9333ea; font-weight: bold; color: inherit; 14.14.44 [vite] (client) page reload storybook-static/index.html @ http://localhost:3000/src/routes/__root.tsx:259
[  113635ms] [LOG] %c[Server]%c color: #9333ea; font-weight: bold; color: inherit; 14.14.44 [vite] (client) page reload storybook-static/manifests/components.html @ http://localhost:3000/src/routes/__root.tsx:259
[  116649ms] [LOG] %c[Server]%c color: #9333ea; font-weight: bold; color: inherit; 14.14.46 [vite] (client) page reload storybook-static/index.html @ http://localhost:3000/src/routes/__root.tsx:259
[  117133ms] [LOG] %c[Server]%c color: #9333ea; font-weight: bold; color: inherit; 14.14.47 [vite] (client) page reload storybook-static/manifests/components.html @ http://localhost:3000/src/routes/__root.tsx:259
[  123424ms] [INFO] %cDownload the React DevTools for a better development experience: https://react.dev/link/react-devtools font-weight:bold @ http://localhost:3000/node_modules/.vite/deps/react-dom_client.js?v=193568e9:14335
[  123709ms] [WARNING] %c[Server]%c color: #9333ea; font-weight: bold; color: inherit; Warning: A notFoundError was encountered on the route with ID "__root__", but a notFoundComponent option was not configured, nor was a router level defaultNotFoundComponent configured. Consider configuring at least one of these to avoid TanStack Router's overly generic defaultNotFoundComponent (<p>Not Found</p>) @ http://localhost:3000/src/routes/__root.tsx:259
[  126928ms] [LOG] %c[Server]%c color: #9333ea; font-weight: bold; color: inherit; 14.14.55 [vite] (client) page reload storybook-static/iframe.html @ http://localhost:3000/src/routes/__root.tsx:259
[  172446ms] [WARNING] %c[Server]%c color: #9333ea; font-weight: bold; color: inherit; Warning: A notFoundError was encountered on the route with ID "__root__", but a notFoundComponent option was not configured, nor was a router level defaultNotFoundComponent configured. Consider configuring at least one of these to avoid TanStack Router's overly generic defaultNotFoundComponent (<p>Not Found</p>) @ http://localhost:3000/src/routes/__root.tsx:259
[  239284ms] [LOG] %c[Server]%c color: #9333ea; font-weight: bold; color: inherit; 14.16.49 [vite] (client) hmr update /src/styles.css?direct, /src/features/auth/components/GoogleAuth.tsx @ http://localhost:3000/src/routes/__root.tsx:259
[  239284ms] [LOG] %c[Server]%c color: #9333ea; font-weight: bold; color: inherit; 14.16.49 [vite] (ssr) page reload src/features/auth/components/GoogleAuth.tsx @ http://localhost:3000/src/routes/__root.tsx:259
[  239284ms] [LOG] %c[Server]%c color: #9333ea; font-weight: bold; color: inherit; 14.16.49 [vite] (client) hmr update /src/styles.css?direct, /src/features/auth/components/GithubAuth.tsx @ http://localhost:3000/src/routes/__root.tsx:259
[  239284ms] [LOG] %c[Server]%c color: #9333ea; font-weight: bold; color: inherit; 14.16.49 [vite] (ssr) page reload src/features/auth/components/GithubAuth.tsx @ http://localhost:3000/src/routes/__root.tsx:259
[  239333ms] [LOG] %c[Server]%c color: #9333ea; font-weight: bold; color: inherit; 14.16.50 [vite] (client) hmr update /src/styles.css?direct @ http://localhost:3000/src/routes/__root.tsx:259
[  239333ms] [LOG] %c[Server]%c color: #9333ea; font-weight: bold; color: inherit; 14.16.50 [vite] (client) hmr update /src/styles.css?direct, /src/pages/home.tsx @ http://localhost:3000/src/routes/__root.tsx:259
[  239333ms] [LOG] %c[Server]%c color: #9333ea; font-weight: bold; color: inherit; 14.16.50 [vite] (ssr) page reload src/pages/home.tsx @ http://localhost:3000/src/routes/__root.tsx:259
[  239333ms] [LOG] %c[Server]%c color: #9333ea; font-weight: bold; color: inherit; 14.16.50 [vite] (ssr) program reload @ http://localhost:3000/src/routes/__root.tsx:259
[  239483ms] [ERROR] Failed to load resource: the server responded with a status of 404 () @ http://localhost:3000/src/pages/home.tsx?t=1787987810035:0
[  239484ms] [ERROR] [vite] Failed to reload /src/pages/home.tsx. This could be due to syntax errors or importing non-existent modules. (see errors above) @ http://localhost:3000/src/routes/__root.tsx:193
[  239579ms] [WARNING] %c[Server]%c color: #9333ea; font-weight: bold; color: inherit; Warning: A notFoundError was encountered on the route with ID "__root__", but a notFoundComponent option was not configured, nor was a router level defaultNotFoundComponent configured. Consider configuring at least one of these to avoid TanStack Router's overly generic defaultNotFoundComponent (<p>Not Found</p>) @ http://localhost:3000/src/routes/__root.tsx:259
[  239580ms] [LOG] %c[Server]%c color: #9333ea; font-weight: bold; color: inherit; 14.16.50 [vite] (client) hmr update /src/styles.css?direct, /src/routes/login.tsx, /src/routes/login.tsx?tsr-split=component @ http://localhost:3000/src/routes/__root.tsx:259
[  239580ms] [LOG] %c[Server]%c color: #9333ea; font-weight: bold; color: inherit; 14.16.50 [vite] (ssr) page reload src/routes/login.tsx @ http://localhost:3000/src/routes/__root.tsx:259
[  239580ms] [LOG] %c[Server]%c color: #9333ea; font-weight: bold; color: inherit; 14.16.50 [vite] (client) hmr update /src/styles.css?direct, /src/routes/index.tsx, /src/routes/index.tsx?tsr-split=component @ http://localhost:3000/src/routes/__root.tsx:259
[  239580ms] [LOG] %c[Server]%c color: #9333ea; font-weight: bold; color: inherit; 14.16.50 [vite] (ssr) page reload src/routes/index.tsx @ http://localhost:3000/src/routes/__root.tsx:259
[  239580ms] [LOG] %c[Server]%c color: #9333ea; font-weight: bold; color: inherit; 14.16.50 [vite] (client) page reload src/routes/auth.ts @ http://localhost:3000/src/routes/__root.tsx:259
[  239580ms] [LOG] %c[Server]%c color: #9333ea; font-weight: bold; color: inherit; 14.16.50 [vite] (ssr) page reload src/routes/auth.ts @ http://localhost:3000/src/routes/__root.tsx:259
[  239580ms] [LOG] %c[Server]%c color: #9333ea; font-weight: bold; color: inherit; 14.16.50 [vite] (client) page reload src/routes/index.ts @ http://localhost:3000/src/routes/__root.tsx:259
[  239580ms] [LOG] %c[Server]%c color: #9333ea; font-weight: bold; color: inherit; 14.16.50 [vite] (ssr) page reload src/routes/index.ts @ http://localhost:3000/src/routes/__root.tsx:259
[  239580ms] [LOG] %c[Server]%c color: #9333ea; font-weight: bold; color: inherit; 14.16.50 [vite] (client) page reload src/routeTree.gen.ts @ http://localhost:3000/src/routes/__root.tsx:259
[  239580ms] [LOG] %c[Server]%c color: #9333ea; font-weight: bold; color: inherit; 14.16.50 [vite] (ssr) page reload src/routeTree.gen.ts @ http://localhost:3000/src/routes/__root.tsx:259
[  239580ms] [LOG] %c[Server]%c color: #9333ea; font-weight: bold; color: inherit; 14.16.50 [vite] (ssr) program reload @ http://localhost:3000/src/routes/__root.tsx:259
[  269712ms] [ERROR] %c[Server]%c color: #9333ea; font-weight: bold; color: inherit; {name: HTTPError, message: aborted, stack: Error: aborted
    at abortIncoming (node:_http_se…:521:24)
    at TCP.<anonymous> (node:net:350:12)} @ http://localhost:3000/src/routes/__root.tsx:259
[  269713ms] [ERROR] %c[Server]%c color: #9333ea; font-weight: bold; color: inherit; {name: HTTPError, message: aborted, stack: Error: aborted
    at abortIncoming (node:_http_se…:521:24)
    at TCP.<anonymous> (node:net:350:12)} @ http://localhost:3000/src/routes/__root.tsx:259
[  269790ms] [ERROR] %c[Server]%c color: #9333ea; font-weight: bold; color: inherit; {name: HTTPError, message: aborted, stack: Error: aborted
    at abortIncoming (node:_http_se…:521:24)
    at TCP.<anonymous> (node:net:350:12)} @ http://localhost:3000/src/routes/__root.tsx:259
[  270953ms] [ERROR] Failed to load resource: the server responded with a status of 504 (Outdated Optimize Dep) @ http://localhost:3000/node_modules/.vite/deps/@ant-design_icons.js?v=e1257756:0
[  270955ms] Failed to fetch dynamically imported module: http://localhost:3000/node_modules/@tanstack/react-start/dist/plugin/default-entry/client.tsx?t=1787987840693
[  328723ms] [ERROR] Failed to load resource: the server responded with a status of 500 (Internal Server Error) @ http://localhost:3000/src/routes/login.tsx?t=1787987860260:0
[  328726ms] Failed to fetch dynamically imported module: http://localhost:3000/node_modules/@tanstack/react-start/dist/plugin/default-entry/client.tsx?t=1787987860260
[  335548ms] [ERROR] Failed to load resource: the server responded with a status of 500 (Internal Server Error) @ http://localhost:3000/src/routes/login.tsx?t=1787987860260:0
[  335550ms] Failed to fetch dynamically imported module: http://localhost:3000/node_modules/@tanstack/react-start/dist/plugin/default-entry/client.tsx?t=1787987860260
[  344146ms] [ERROR] Failed to load resource: the server responded with a status of 500 (Internal Server Error) @ http://localhost:3000/src/routes/login.tsx?t=1787987860260:0
[  344147ms] Failed to fetch dynamically imported module: http://localhost:3000/node_modules/@tanstack/react-start/dist/plugin/default-entry/client.tsx?t=1787987860260
[  352724ms] [ERROR] Failed to load resource: the server responded with a status of 500 (Internal Server Error) @ http://localhost:3000/src/routes/login.tsx?t=1787987922034:0
[  352739ms] Failed to fetch dynamically imported module: http://localhost:3000/node_modules/@tanstack/react-start/dist/plugin/default-entry/client.tsx?t=1787987922034
[  354308ms] [ERROR] Failed to load resource: the server responded with a status of 500 (Internal Server Error) @ http://localhost:3000/src/routes/login.tsx?t=1787987924694:0
[  354316ms] Failed to fetch dynamically imported module: http://localhost:3000/node_modules/@tanstack/react-start/dist/plugin/default-entry/client.tsx?t=1787987924694
[  354790ms] [ERROR] Failed to load resource: the server responded with a status of 500 (Internal Server Error) @ http://localhost:3000/src/routes/login.tsx?t=1787987925286:0
[  354854ms] Failed to fetch dynamically imported module: http://localhost:3000/node_modules/@tanstack/react-start/dist/plugin/default-entry/client.tsx?t=1787987925286
[  356995ms] [ERROR] Failed to load resource: the server responded with a status of 504 (Outdated Optimize Dep) @ http://localhost:3000/node_modules/.vite/deps/react-icons_fi.js?v=e1257756:0
[  356996ms] Failed to fetch dynamically imported module: http://localhost:3000/node_modules/@tanstack/react-start/dist/plugin/default-entry/client.tsx?t=1787987926755
[  372756ms] [ERROR] Failed to load resource: the server responded with a status of 504 (Outdated Optimize Dep) @ http://localhost:3000/node_modules/.vite/deps/react-icons_fi.js?v=e1257756:0
[  372783ms] Failed to fetch dynamically imported module: http://localhost:3000/node_modules/@tanstack/react-start/dist/plugin/default-entry/client.tsx?t=1787987926755
[  420447ms] [ERROR] Failed to load resource: the server responded with a status of 404 () @ http://localhost:3000/:0
[  420629ms] [ERROR] Failed to load resource: the server responded with a status of 504 (Outdated Optimize Dep) @ http://localhost:3000/node_modules/.vite/deps/react-icons_fi.js?v=e1257756:0
[  420655ms] Failed to fetch dynamically imported module: http://localhost:3000/node_modules/@tanstack/react-start/dist/plugin/default-entry/client.tsx?t=1787987991061
[  464782ms] [ERROR] Failed to load resource: the server responded with a status of 404 () @ http://localhost:3000/:0
[  465144ms] [ERROR] Failed to load resource: the server responded with a status of 504 (Outdated Optimize Dep) @ http://localhost:3000/node_modules/.vite/deps/react-icons_fi.js?v=e1257756:0
[  465146ms] Failed to fetch dynamically imported module: http://localhost:3000/node_modules/@tanstack/react-start/dist/plugin/default-entry/client.tsx?t=1787988035413
[  584704ms] [ERROR] Failed to load resource: the server responded with a status of 404 () @ http://localhost:3000/:0
[  585290ms] [ERROR] Failed to load resource: the server responded with a status of 504 (Outdated Optimize Dep) @ http://localhost:3000/node_modules/.vite/deps/react-icons_fi.js?v=e1257756:0
[  585290ms] Failed to fetch dynamically imported module: http://localhost:3000/node_modules/@tanstack/react-start/dist/plugin/default-entry/client.tsx?t=1787988155073
[  592918ms] [ERROR] Failed to load resource: the server responded with a status of 404 () @ http://localhost:3000/:0
[  593276ms] [ERROR] Failed to load resource: the server responded with a status of 504 (Outdated Optimize Dep) @ http://localhost:3000/node_modules/.vite/deps/react-icons_fi.js?v=e1257756:0
[  593278ms] Failed to fetch dynamically imported module: http://localhost:3000/node_modules/@tanstack/react-start/dist/plugin/default-entry/client.tsx?t=1787988163637
