[     418ms] [INFO] %cDownload the React DevTools for a better development experience: https://react.dev/link/react-devtools font-weight:bold @ http://localhost:3000/node_modules/.vite/deps/react-dom_client.js?v=9b07a86f:14335
[     431ms] [WARNING] [tanstack-router] These exports from "C:/Users/smartlink/myfiles/orion/src/routes/login.tsx" will not be code-split and will increase your bundle size:
- AuthPage
For the best optimization, these items should either have their export statements removed, or be imported from another location that is not a route file. @ http://localhost:3000/src/routes/__root.tsx?t=1787993049507:193
[   36845ms] [LOG] %c[Server]%c color: #9333ea; font-weight: bold; color: inherit; 16.01.21 [vite] (client) hmr update /src/styles.css?direct, /src/components/layout/AppLayout.tsx @ http://localhost:3000/src/routes/__root.tsx?t=1787993049507:259
[   36845ms] [LOG] %c[Server]%c color: #9333ea; font-weight: bold; color: inherit; 16.01.21 [vite] (ssr) page reload src/components/layout/AppLayout.tsx @ http://localhost:3000/src/routes/__root.tsx?t=1787993049507:259
[   36845ms] [LOG] %c[Server]%c color: #9333ea; font-weight: bold; color: inherit; 16.01.21 [vite] (ssr) program reload @ http://localhost:3000/src/routes/__root.tsx?t=1787993049507:259
[   74640ms] [LOG] %c[Server]%c color: #9333ea; font-weight: bold; color: inherit; 16.01.59 [vite] (client) hmr update /src/styles.css?direct, /src/components/fragment/Navbar.tsx @ http://localhost:3000/src/routes/__root.tsx?t=1787993049507:259
[   74640ms] [LOG] %c[Server]%c color: #9333ea; font-weight: bold; color: inherit; 16.01.59 [vite] (ssr) page reload src/components/fragment/Navbar.tsx @ http://localhost:3000/src/routes/__root.tsx?t=1787993049507:259
[   74640ms] [LOG] %c[Server]%c color: #9333ea; font-weight: bold; color: inherit; 16.01.59 [vite] (client) hmr update /src/styles.css?direct, /src/components/layout/AppLayout.tsx @ http://localhost:3000/src/routes/__root.tsx?t=1787993049507:259
[   74640ms] [LOG] %c[Server]%c color: #9333ea; font-weight: bold; color: inherit; 16.01.59 [vite] (ssr) page reload src/components/layout/AppLayout.tsx @ http://localhost:3000/src/routes/__root.tsx?t=1787993049507:259
[  123258ms] [LOG] %c[Server]%c color: #9333ea; font-weight: bold; color: inherit; 16.02.48 [vite] (client) hmr update /src/styles.css?direct, /src/components/ui/Search.tsx @ http://localhost:3000/src/routes/__root.tsx?t=1787993049507:259
[  123258ms] [LOG] %c[Server]%c color: #9333ea; font-weight: bold; color: inherit; 16.02.48 [vite] (ssr) page reload src/components/ui/Search.tsx @ http://localhost:3000/src/routes/__root.tsx?t=1787993049507:259
[  133027ms] [LOG] %c[Server]%c color: #9333ea; font-weight: bold; color: inherit; 16.02.57 [vite] (client) hmr update /src/styles.css?direct, /src/components/ui/Search.tsx @ http://localhost:3000/src/routes/__root.tsx?t=1787993049507:259
[  133027ms] [LOG] %c[Server]%c color: #9333ea; font-weight: bold; color: inherit; 16.02.57 [vite] (ssr) page reload src/components/ui/Search.tsx @ http://localhost:3000/src/routes/__root.tsx?t=1787993049507:259
[  180454ms] [LOG] %c[Server]%c color: #9333ea; font-weight: bold; color: inherit; 16.03.45 [vite] (client) hmr update /src/styles.css?direct, /src/components/ui/Modal.tsx @ http://localhost:3000/src/routes/__root.tsx?t=1787993049507:259
[  180454ms] [LOG] %c[Server]%c color: #9333ea; font-weight: bold; color: inherit; 16.03.45 [vite] (ssr) page reload src/components/ui/Modal.tsx @ http://localhost:3000/src/routes/__root.tsx?t=1787993049507:259
[  180454ms] [LOG] %c[Server]%c color: #9333ea; font-weight: bold; color: inherit; 16.03.45 [vite] (client) hmr update /src/styles.css?direct, /src/components/layout/AppLayout.tsx @ http://localhost:3000/src/routes/__root.tsx?t=1787993049507:259
[  180454ms] [LOG] %c[Server]%c color: #9333ea; font-weight: bold; color: inherit; 16.03.45 [vite] (ssr) page reload src/components/layout/AppLayout.tsx @ http://localhost:3000/src/routes/__root.tsx?t=1787993049507:259
[  191211ms] [LOG] %c[Server]%c color: #9333ea; font-weight: bold; color: inherit; 16.03.56 [vite] (client) hmr update /src/styles.css?direct, /src/components/layout/AppLayout.tsx @ http://localhost:3000/src/routes/__root.tsx?t=1787993049507:259
[  191211ms] [LOG] %c[Server]%c color: #9333ea; font-weight: bold; color: inherit; 16.03.56 [vite] (ssr) page reload src/components/layout/AppLayout.tsx @ http://localhost:3000/src/routes/__root.tsx?t=1787993049507:259
[  228066ms] [LOG] %c[Server]%c color: #9333ea; font-weight: bold; color: inherit; 16.04.32 [vite] (client) hmr update /src/styles.css?direct, /src/components/layout/AppLayout.tsx @ http://localhost:3000/src/routes/__root.tsx?t=1787993049507:259
[  228066ms] [LOG] %c[Server]%c color: #9333ea; font-weight: bold; color: inherit; 16.04.32 [vite] (ssr) page reload src/components/layout/AppLayout.tsx @ http://localhost:3000/src/routes/__root.tsx?t=1787993049507:259
[  245057ms] [LOG] %c[Server]%c color: #9333ea; font-weight: bold; color: inherit; 16.04.50 [vite] (client) hmr update /src/styles.css?direct, /src/components/fragment/Navbar.tsx @ http://localhost:3000/src/routes/__root.tsx?t=1787993049507:259
[  245057ms] [LOG] %c[Server]%c color: #9333ea; font-weight: bold; color: inherit; 16.04.50 [vite] (ssr) page reload src/components/fragment/Navbar.tsx @ http://localhost:3000/src/routes/__root.tsx?t=1787993049507:259
[  309368ms] [LOG] %c[Server]%c color: #9333ea; font-weight: bold; color: inherit; 16.05.54 [vite] (client) hmr update /src/styles.css?direct, /src/components/layout/AppLayout.tsx @ http://localhost:3000/src/routes/__root.tsx?t=1787993049507:259
[  309368ms] [LOG] %c[Server]%c color: #9333ea; font-weight: bold; color: inherit; 16.05.54 [vite] (ssr) page reload src/components/layout/AppLayout.tsx @ http://localhost:3000/src/routes/__root.tsx?t=1787993049507:259
