[     478ms] [VERBOSE] [DOM] Input elements should have autocomplete attributes (suggested: "new-password"): (More info: https://goo.gl/9p2vKq) %o @ http://localhost:3000/register:0
[     478ms] [VERBOSE] [DOM] Input elements should have autocomplete attributes (suggested: "new-password"): (More info: https://goo.gl/9p2vKq) %o @ http://localhost:3000/register:0
[     606ms] [ERROR] Failed to load resource: the server responded with a status of 404 () @ http://localhost:3000/favicon.ico:0
[    1807ms] [INFO] %cDownload the React DevTools for a better development experience: https://react.dev/link/react-devtools font-weight:bold @ http://localhost:3000/node_modules/.vite/deps/react-dom_client.js?v=e1661121:14335
[    1817ms] [WARNING] [tanstack-router] These exports from "C:/Users/smartlink/myfiles/orion/src/routes/login.tsx" will not be code-split and will increase your bundle size:
- AuthPage
For the best optimization, these items should either have their export statements removed, or be imported from another location that is not a route file. @ http://localhost:3000/src/routes/__root.tsx:193
[  256074ms] [LOG] %c[Server]%c color: #9333ea; font-weight: bold; color: inherit; 15.09.36 [vite] (client) page reload storybook-static/iframe.html @ http://localhost:3000/src/routes/__root.tsx:259
[  256075ms] [LOG] %c[Server]%c color: #9333ea; font-weight: bold; color: inherit; 15.09.36 [vite] (client) page reload storybook-static/index.html @ http://localhost:3000/src/routes/__root.tsx:259
[  256075ms] [LOG] %c[Server]%c color: #9333ea; font-weight: bold; color: inherit; 15.09.36 [vite] (client) page reload storybook-static/manifests/components.html @ http://localhost:3000/src/routes/__root.tsx:259
[  259836ms] [LOG] %c[Server]%c color: #9333ea; font-weight: bold; color: inherit; 15.09.39 [vite] (client) page reload storybook-static/index.html @ http://localhost:3000/src/routes/__root.tsx:259
[  259908ms] [LOG] %c[Server]%c color: #9333ea; font-weight: bold; color: inherit; 15.09.40 [vite] (client) page reload storybook-static/manifests/components.html @ http://localhost:3000/src/routes/__root.tsx:259
[  265998ms] [LOG] %c[Server]%c color: #9333ea; font-weight: bold; color: inherit; 15.09.44 [vite] (client) page reload storybook-static/iframe.html @ http://localhost:3000/src/routes/__root.tsx:259
[  573898ms] [LOG] %c[Server]%c color: #9333ea; font-weight: bold; color: inherit; 15.14.53 [vite] (client) hmr update /src/styles.css?direct, /src/routes/login.tsx @ http://localhost:3000/src/routes/__root.tsx:259
[  573898ms] [LOG] %c[Server]%c color: #9333ea; font-weight: bold; color: inherit; 15.14.53 [vite] (ssr) page reload src/routes/login.tsx @ http://localhost:3000/src/routes/__root.tsx:259
[  573898ms] [LOG] %c[Server]%c color: #9333ea; font-weight: bold; color: inherit; 15.14.53 [vite] (ssr) program reload @ http://localhost:3000/src/routes/__root.tsx:259
[  573898ms] [LOG] %c[Server]%c color: #9333ea; font-weight: bold; color: inherit; 15.14.53 [vite] (client) hmr update /src/styles.css?direct, /src/routes/register.tsx, /src/routes/register.tsx?tsr-split=component @ http://localhost:3000/src/routes/__root.tsx:259
[  573898ms] [LOG] %c[Server]%c color: #9333ea; font-weight: bold; color: inherit; 15.14.53 [vite] (ssr) page reload src/routes/register.tsx @ http://localhost:3000/src/routes/__root.tsx:259
[  573969ms] [WARNING] %c[Server]%c color: #9333ea; font-weight: bold; color: inherit; [tanstack-router] These exports from "C:/Users/smartlink/myfiles/orion/src/routes/login.tsx" will not be code-split and will increase your bundle size:
- AuthPage
For the best optimization, these items should either have their export statements removed, or be imported from another location that is not a route file. @ http://localhost:3000/src/routes/__root.tsx:259
[  574828ms] [LOG] %c[Server]%c color: #9333ea; font-weight: bold; color: inherit; 15.14.54 [vite] (client) dependency optimized: react-icons/md @ http://localhost:3000/src/routes/__root.tsx:259
[  574829ms] [LOG] %c[Server]%c color: #9333ea; font-weight: bold; color: inherit; 15.14.54 [vite] (client) optimized dependencies changed. reloading @ http://localhost:3000/src/routes/__root.tsx:259
[  575515ms] [WARNING] [tanstack-router] These exports from "C:/Users/smartlink/myfiles/orion/src/routes/login.tsx" will not be code-split and will increase your bundle size:
- AuthPage
For the best optimization, these items should either have their export statements removed, or be imported from another location that is not a route file. @ http://localhost:3000/src/routes/__root.tsx:193
[  577032ms] [ERROR] Invalid hook call. Hooks can only be called inside of the body of a function component. This could happen for one of the following reasons:
1. You might have mismatching versions of React and the renderer (such as React DOM)
2. You might be breaking the Rules of Hooks
3. You might have more than one copy of React in the same app
See https://react.dev/link/invalid-hook-call for tips about how to debug and fix this problem. @ http://localhost:3000/src/routes/__root.tsx:193
[  577042ms] [ERROR] Invalid hook call. Hooks can only be called inside of the body of a function component. This could happen for one of the following reasons:
1. You might have mismatching versions of React and the renderer (such as React DOM)
2. You might be breaking the Rules of Hooks
3. You might have more than one copy of React in the same app
See https://react.dev/link/invalid-hook-call for tips about how to debug and fix this problem. @ http://localhost:3000/src/routes/__root.tsx:193
[  577049ms] [ERROR] %o

%s

%s
 TypeError: Cannot read properties of null (reading 'useState')
    at exports.useState (http://localhost:3000/node_modules/.vite/deps/react.js?v=9b07a86f:748:30)
    at Register (http://localhost:3000/src/routes/register.tsx?t=1787991293943&tsr-split=component:43:42)
    at Object.react_stack_bottom_frame (http://localhost:3000/node_modules/.vite/deps/react-dom_client.js?v=e1661121:12866:12)
    at renderWithHooks (http://localhost:3000/node_modules/.vite/deps/react-dom_client.js?v=e1661121:4213:19)
    at updateFunctionComponent (http://localhost:3000/node_modules/.vite/deps/react-dom_client.js?v=e1661121:5569:16)
    at beginWork (http://localhost:3000/node_modules/.vite/deps/react-dom_client.js?v=e1661121:6140:20)
    at runWithFiberInDEV (http://localhost:3000/node_modules/.vite/deps/react-dom_client.js?v=e1661121:851:66)
    at performUnitOfWork (http://localhost:3000/node_modules/.vite/deps/react-dom_client.js?v=e1661121:8429:92)
    at workLoopSync (http://localhost:3000/node_modules/.vite/deps/react-dom_client.js?v=e1661121:8325:37)
    at renderRootSync (http://localhost:3000/node_modules/.vite/deps/react-dom_client.js?v=e1661121:8309:6) The above error occurred in the <Register> component. React will try to recreate this component tree from scratch using the error boundary you provided, CatchBoundary. @ http://localhost:3000/src/routes/__root.tsx:193
[  577055ms] [WARNING] Warning: The following error wasn't caught by any route! At the very least, consider setting an 'errorComponent' in your RootRoute! @ http://localhost:3000/src/routes/__root.tsx:193
[  577055ms] [WARNING] Warning: Cannot read properties of null (reading 'useState') @ http://localhost:3000/src/routes/__root.tsx:193
[  577565ms] [VERBOSE] [DOM] Input elements should have autocomplete attributes (suggested: "new-password"): (More info: https://goo.gl/9p2vKq) %o @ http://localhost:3000/register:0
[  577566ms] [VERBOSE] [DOM] Input elements should have autocomplete attributes (suggested: "new-password"): (More info: https://goo.gl/9p2vKq) %o @ http://localhost:3000/register:0
[  578604ms] [INFO] %cDownload the React DevTools for a better development experience: https://react.dev/link/react-devtools font-weight:bold @ http://localhost:3000/node_modules/.vite/deps/react-dom_client.js?v=9b07a86f:14335
[  578609ms] [WARNING] [tanstack-router] These exports from "C:/Users/smartlink/myfiles/orion/src/routes/login.tsx" will not be code-split and will increase your bundle size:
- AuthPage
For the best optimization, these items should either have their export statements removed, or be imported from another location that is not a route file. @ http://localhost:3000/src/routes/__root.tsx:193
[  675769ms] [LOG] %c[Server]%c color: #9333ea; font-weight: bold; color: inherit; 15.16.35 [vite] (client) hmr update /src/styles.css?direct @ http://localhost:3000/src/routes/__root.tsx:259
[  737377ms] [LOG] %c[Server]%c color: #9333ea; font-weight: bold; color: inherit; 15.17.37 [vite] (client) hmr update /src/styles.css?direct, /src/routes/login.tsx @ http://localhost:3000/src/routes/__root.tsx:259
[  737377ms] [LOG] %c[Server]%c color: #9333ea; font-weight: bold; color: inherit; 15.17.37 [vite] (ssr) page reload src/routes/login.tsx @ http://localhost:3000/src/routes/__root.tsx:259
[  737377ms] [LOG] %c[Server]%c color: #9333ea; font-weight: bold; color: inherit; 15.17.37 [vite] (ssr) program reload @ http://localhost:3000/src/routes/__root.tsx:259
[  737378ms] [LOG] %c[Server]%c color: #9333ea; font-weight: bold; color: inherit; 15.17.37 [vite] (client) hmr update /src/styles.css?direct, /src/routes/register.tsx, /src/routes/register.tsx?tsr-split=component @ http://localhost:3000/src/routes/__root.tsx:259
[  737378ms] [LOG] %c[Server]%c color: #9333ea; font-weight: bold; color: inherit; 15.17.37 [vite] (ssr) page reload src/routes/register.tsx @ http://localhost:3000/src/routes/__root.tsx:259
[  737540ms] [WARNING] %c[Server]%c color: #9333ea; font-weight: bold; color: inherit; [tanstack-router] These exports from "C:/Users/smartlink/myfiles/orion/src/routes/login.tsx" will not be code-split and will increase your bundle size:
- AuthPage
For the best optimization, these items should either have their export statements removed, or be imported from another location that is not a route file. @ http://localhost:3000/src/routes/__root.tsx:259
[  737723ms] [WARNING] [tanstack-router] These exports from "C:/Users/smartlink/myfiles/orion/src/routes/login.tsx" will not be code-split and will increase your bundle size:
- AuthPage
For the best optimization, these items should either have their export statements removed, or be imported from another location that is not a route file. @ http://localhost:3000/src/routes/__root.tsx:193
[  905112ms] [LOG] %c[Server]%c color: #9333ea; font-weight: bold; color: inherit; 15.20.25 [vite] (client) hmr update /src/styles.css?direct @ http://localhost:3000/src/routes/__root.tsx:259
[  909911ms] [LOG] %c[Server]%c color: #9333ea; font-weight: bold; color: inherit; 15.20.30 [vite] (client) page reload src/routeTree.gen.ts @ http://localhost:3000/src/routes/__root.tsx:259
[  909911ms] [LOG] %c[Server]%c color: #9333ea; font-weight: bold; color: inherit; 15.20.30 [vite] (ssr) page reload src/routeTree.gen.ts @ http://localhost:3000/src/routes/__root.tsx:259
[  910860ms] [VERBOSE] [DOM] Input elements should have autocomplete attributes (suggested: "new-password"): (More info: https://goo.gl/9p2vKq) %o @ http://localhost:3000/register:0
[  910860ms] [VERBOSE] [DOM] Input elements should have autocomplete attributes (suggested: "new-password"): (More info: https://goo.gl/9p2vKq) %o @ http://localhost:3000/register:0
[  911252ms] [INFO] %cDownload the React DevTools for a better development experience: https://react.dev/link/react-devtools font-weight:bold @ http://localhost:3000/node_modules/.vite/deps/react-dom_client.js?v=9b07a86f:14335
[  911257ms] [WARNING] [tanstack-router] These exports from "C:/Users/smartlink/myfiles/orion/src/routes/login.tsx" will not be code-split and will increase your bundle size:
- AuthPage
For the best optimization, these items should either have their export statements removed, or be imported from another location that is not a route file. @ http://localhost:3000/src/routes/__root.tsx:193
[  926343ms] [INFO] %c[Server]%c color: #9333ea; font-weight: bold; color: inherit; File C:\Users\smartlink\myfiles\orion\src\routeTree.gen.ts was modified by another process during processing. @ http://localhost:3000/src/routes/__root.tsx:259
[  926343ms] [LOG] %c[Server]%c color: #9333ea; font-weight: bold; color: inherit; 15.20.46 [vite] (client) page reload src/routeTree.gen.ts @ http://localhost:3000/src/routes/__root.tsx:259
[  926343ms] [LOG] %c[Server]%c color: #9333ea; font-weight: bold; color: inherit; 15.20.46 [vite] (ssr) page reload src/routeTree.gen.ts @ http://localhost:3000/src/routes/__root.tsx:259
[  926343ms] [LOG] %c[Server]%c color: #9333ea; font-weight: bold; color: inherit; 15.20.46 [vite] (ssr) program reload @ http://localhost:3000/src/routes/__root.tsx:259
[  926343ms] [LOG] %c[Server]%c color: #9333ea; font-weight: bold; color: inherit; 15.20.46 [vite] (client) page reload src/routeTree.gen.ts @ http://localhost:3000/src/routes/__root.tsx:259
[  926343ms] [LOG] %c[Server]%c color: #9333ea; font-weight: bold; color: inherit; 15.20.46 [vite] (ssr) page reload src/routeTree.gen.ts @ http://localhost:3000/src/routes/__root.tsx:259
[  926731ms] [VERBOSE] [DOM] Input elements should have autocomplete attributes (suggested: "new-password"): (More info: https://goo.gl/9p2vKq) %o @ http://localhost:3000/register:0
[  926731ms] [VERBOSE] [DOM] Input elements should have autocomplete attributes (suggested: "new-password"): (More info: https://goo.gl/9p2vKq) %o @ http://localhost:3000/register:0
[  926920ms] [INFO] %cDownload the React DevTools for a better development experience: https://react.dev/link/react-devtools font-weight:bold @ http://localhost:3000/node_modules/.vite/deps/react-dom_client.js?v=9b07a86f:14335
[  926924ms] [WARNING] [tanstack-router] These exports from "C:/Users/smartlink/myfiles/orion/src/routes/login.tsx" will not be code-split and will increase your bundle size:
- AuthPage
For the best optimization, these items should either have their export statements removed, or be imported from another location that is not a route file. @ http://localhost:3000/src/routes/__root.tsx:193
[  954996ms] [LOG] %c[Server]%c color: #9333ea; font-weight: bold; color: inherit; 15.21.15 [vite] (client) hmr update /src/styles.css?direct @ http://localhost:3000/src/routes/__root.tsx:259
