[     480ms] [INFO] %cDownload the React DevTools for a better development experience: https://react.dev/link/react-devtools font-weight:bold @ http://localhost:3000/node_modules/.vite/deps/react-dom_client.js?v=9b07a86f:14335
[     484ms] [WARNING] [tanstack-router] These exports from "C:/Users/smartlink/myfiles/orion/src/routes/login.tsx" will not be code-split and will increase your bundle size:
- AuthPage
For the best optimization, these items should either have their export statements removed, or be imported from another location that is not a route file. @ http://localhost:3000/src/routes/__root.tsx?t=1787992720578:193
[    8953ms] [LOG] %c[Server]%c color: #9333ea; font-weight: bold; color: inherit; 15.43.57 [vite] (client) hmr update /src/styles.css?direct, /src/components/ui/Button.tsx @ http://localhost:3000/src/routes/__root.tsx?t=1787992720578:259
[    8953ms] [LOG] %c[Server]%c color: #9333ea; font-weight: bold; color: inherit; 15.43.57 [vite] (ssr) page reload src/components/ui/Button.tsx @ http://localhost:3000/src/routes/__root.tsx?t=1787992720578:259
[    8954ms] [LOG] %c[Server]%c color: #9333ea; font-weight: bold; color: inherit; 15.43.57 [vite] (ssr) program reload @ http://localhost:3000/src/routes/__root.tsx?t=1787992720578:259
[    8954ms] [LOG] %c[Server]%c color: #9333ea; font-weight: bold; color: inherit; 15.43.57 [vite] (client) hmr update /src/styles.css?direct, /src/components/ui/Dropdown.tsx @ http://localhost:3000/src/routes/__root.tsx?t=1787992720578:259
[    8954ms] [LOG] %c[Server]%c color: #9333ea; font-weight: bold; color: inherit; 15.43.57 [vite] (ssr) page reload src/components/ui/Dropdown.tsx @ http://localhost:3000/src/routes/__root.tsx?t=1787992720578:259
[    8954ms] [LOG] %c[Server]%c color: #9333ea; font-weight: bold; color: inherit; 15.43.57 [vite] (client) hmr update /src/styles.css?direct, /src/components/ui/Input.tsx @ http://localhost:3000/src/routes/__root.tsx?t=1787992720578:259
[    8954ms] [LOG] %c[Server]%c color: #9333ea; font-weight: bold; color: inherit; 15.43.57 [vite] (ssr) page reload src/components/ui/Input.tsx @ http://localhost:3000/src/routes/__root.tsx?t=1787992720578:259
[    8954ms] [LOG] %c[Server]%c color: #9333ea; font-weight: bold; color: inherit; 15.43.57 [vite] (client) hmr update /src/styles.css?direct, /src/components/ui/Modal.tsx @ http://localhost:3000/src/routes/__root.tsx?t=1787992720578:259
[    8954ms] [LOG] %c[Server]%c color: #9333ea; font-weight: bold; color: inherit; 15.43.57 [vite] (ssr) page reload src/components/ui/Modal.tsx @ http://localhost:3000/src/routes/__root.tsx?t=1787992720578:259
[   12401ms] [WARNING] %c[Server]%c color: #9333ea; font-weight: bold; color: inherit; Warning: A notFoundError was encountered on the route with ID "__root__", but a notFoundComponent option was not configured, nor was a router level defaultNotFoundComponent configured. Consider configuring at least one of these to avoid TanStack Router's overly generic defaultNotFoundComponent (<p>Not Found</p>) @ http://localhost:3000/src/routes/__root.tsx?t=1787992720578:259
[   20974ms] [LOG] %c[Server]%c color: #9333ea; font-weight: bold; color: inherit; 15.44.09 [vite] (client) hmr update /src/styles.css?direct, /src/components/fragment/Navbar.tsx @ http://localhost:3000/src/routes/__root.tsx?t=1787992720578:259
[   20974ms] [LOG] %c[Server]%c color: #9333ea; font-weight: bold; color: inherit; 15.44.09 [vite] (ssr) page reload src/components/fragment/Navbar.tsx @ http://localhost:3000/src/routes/__root.tsx?t=1787992720578:259
[   20974ms] [LOG] %c[Server]%c color: #9333ea; font-weight: bold; color: inherit; 15.44.09 [vite] (client) hmr update /src/styles.css?direct, /src/components/fragment/Sidebar.tsx @ http://localhost:3000/src/routes/__root.tsx?t=1787992720578:259
[   20974ms] [LOG] %c[Server]%c color: #9333ea; font-weight: bold; color: inherit; 15.44.09 [vite] (ssr) page reload src/components/fragment/Sidebar.tsx @ http://localhost:3000/src/routes/__root.tsx?t=1787992720578:259
[   20974ms] [LOG] %c[Server]%c color: #9333ea; font-weight: bold; color: inherit; 15.44.09 [vite] (client) hmr update /src/styles.css?direct, /src/routes/__root.tsx @ http://localhost:3000/src/routes/__root.tsx?t=1787992720578:259
[   20974ms] [LOG] %c[Server]%c color: #9333ea; font-weight: bold; color: inherit; 15.44.09 [vite] (ssr) page reload src/styles.css @ http://localhost:3000/src/routes/__root.tsx?t=1787992720578:259
[   20974ms] [LOG] %c[Server]%c color: #9333ea; font-weight: bold; color: inherit; 15.44.09 [vite] (ssr) program reload @ http://localhost:3000/src/routes/__root.tsx?t=1787992720578:259
[   37394ms] [LOG] %c[Server]%c color: #9333ea; font-weight: bold; color: inherit; 15.44.25 [vite] (client) hmr update /src/styles.css?direct, /src/components/ui/Search.tsx @ http://localhost:3000/src/routes/__root.tsx?t=1787992720578:259
[   37394ms] [LOG] %c[Server]%c color: #9333ea; font-weight: bold; color: inherit; 15.44.25 [vite] (ssr) page reload src/components/ui/Search.tsx @ http://localhost:3000/src/routes/__root.tsx?t=1787992720578:259
[   50070ms] [LOG] %c[Server]%c color: #9333ea; font-weight: bold; color: inherit; 15.44.38 [vite] (client) hmr update /src/styles.css?direct, /src/components/ui/Search.tsx @ http://localhost:3000/src/routes/__root.tsx?t=1787992720578:259
[   50070ms] [LOG] %c[Server]%c color: #9333ea; font-weight: bold; color: inherit; 15.44.38 [vite] (ssr) page reload src/components/ui/Search.tsx @ http://localhost:3000/src/routes/__root.tsx?t=1787992720578:259
[   70741ms] [LOG] %c[Server]%c color: #9333ea; font-weight: bold; color: inherit; 15.44.59 [vite] (client) hmr update /src/styles.css?direct, /src/components/fragment/Sidebar.tsx @ http://localhost:3000/src/routes/__root.tsx?t=1787992720578:259
[   70742ms] [LOG] %c[Server]%c color: #9333ea; font-weight: bold; color: inherit; 15.44.59 [vite] (ssr) page reload src/components/fragment/Sidebar.tsx @ http://localhost:3000/src/routes/__root.tsx?t=1787992720578:259
[  111690ms] [LOG] %c[Server]%c color: #9333ea; font-weight: bold; color: inherit; 15.45.40 [vite] (client) hmr update /src/styles.css?direct, /src/components/fragment/Sidebar.tsx @ http://localhost:3000/src/routes/__root.tsx?t=1787992720578:259
[  111690ms] [LOG] %c[Server]%c color: #9333ea; font-weight: bold; color: inherit; 15.45.40 [vite] (ssr) page reload src/components/fragment/Sidebar.tsx @ http://localhost:3000/src/routes/__root.tsx?t=1787992720578:259
[  111690ms] [LOG] %c[Server]%c color: #9333ea; font-weight: bold; color: inherit; 15.45.40 [vite] (ssr) program reload @ http://localhost:3000/src/routes/__root.tsx?t=1787992720578:259
[  138908ms] [LOG] %c[Server]%c color: #9333ea; font-weight: bold; color: inherit; 15.46.07 [vite] (client) hmr update /src/styles.css?direct, /src/components/fragment/Sidebar.tsx @ http://localhost:3000/src/routes/__root.tsx?t=1787992720578:259
[  138908ms] [LOG] %c[Server]%c color: #9333ea; font-weight: bold; color: inherit; 15.46.07 [vite] (ssr) page reload src/components/fragment/Sidebar.tsx @ http://localhost:3000/src/routes/__root.tsx?t=1787992720578:259
[  158710ms] [LOG] %c[Server]%c color: #9333ea; font-weight: bold; color: inherit; 15.46.27 [vite] (client) hmr update /src/styles.css?direct, /src/components/fragment/Sidebar.tsx @ http://localhost:3000/src/routes/__root.tsx?t=1787992720578:259
[  158710ms] [LOG] %c[Server]%c color: #9333ea; font-weight: bold; color: inherit; 15.46.27 [vite] (ssr) page reload src/components/fragment/Sidebar.tsx @ http://localhost:3000/src/routes/__root.tsx?t=1787992720578:259
[  158711ms] [LOG] %c[Server]%c color: #9333ea; font-weight: bold; color: inherit; 15.46.27 [vite] (ssr) program reload @ http://localhost:3000/src/routes/__root.tsx?t=1787992720578:259
[  188087ms] [LOG] %c[Server]%c color: #9333ea; font-weight: bold; color: inherit; 15.46.56 [vite] (client) hmr update /src/styles.css?direct, /src/components/fragment/Sidebar.tsx @ http://localhost:3000/src/routes/__root.tsx?t=1787992720578:259
[  188087ms] [LOG] %c[Server]%c color: #9333ea; font-weight: bold; color: inherit; 15.46.56 [vite] (ssr) page reload src/components/fragment/Sidebar.tsx @ http://localhost:3000/src/routes/__root.tsx?t=1787992720578:259
[  188088ms] [LOG] %c[Server]%c color: #9333ea; font-weight: bold; color: inherit; 15.46.56 [vite] (ssr) program reload @ http://localhost:3000/src/routes/__root.tsx?t=1787992720578:259
[  209876ms] [LOG] %c[Server]%c color: #9333ea; font-weight: bold; color: inherit; 15.47.18 [vite] (client) hmr update /src/styles.css?direct, /src/components/fragment/Sidebar.tsx @ http://localhost:3000/src/routes/__root.tsx?t=1787992720578:259
[  209876ms] [LOG] %c[Server]%c color: #9333ea; font-weight: bold; color: inherit; 15.47.18 [vite] (ssr) page reload src/components/fragment/Sidebar.tsx @ http://localhost:3000/src/routes/__root.tsx?t=1787992720578:259
[  250364ms] [LOG] %c[Server]%c color: #9333ea; font-weight: bold; color: inherit; 15.47.58 [vite] (client) hmr update /src/styles.css?direct, /src/components/fragment/Sidebar.tsx @ http://localhost:3000/src/routes/__root.tsx?t=1787992720578:259
[  250364ms] [LOG] %c[Server]%c color: #9333ea; font-weight: bold; color: inherit; 15.47.58 [vite] (ssr) page reload src/components/fragment/Sidebar.tsx @ http://localhost:3000/src/routes/__root.tsx?t=1787992720578:259
[  297306ms] [LOG] %c[Server]%c color: #9333ea; font-weight: bold; color: inherit; 15.48.45 [vite] (client) hmr update /src/styles.css?direct, /src/components/layout/AppLayout.tsx @ http://localhost:3000/src/routes/__root.tsx?t=1787992720578:259
[  297306ms] [LOG] %c[Server]%c color: #9333ea; font-weight: bold; color: inherit; 15.48.45 [vite] (ssr) page reload src/components/layout/AppLayout.tsx @ http://localhost:3000/src/routes/__root.tsx?t=1787992720578:259
