[     615ms] [ERROR] Failed to load resource: the server responded with a status of 404 () @ http://localhost:3000/favicon.ico:0
[     907ms] [INFO] %cDownload the React DevTools for a better development experience: https://react.dev/link/react-devtools font-weight:bold @ http://localhost:3000/node_modules/.vite/deps/react-dom_client.js?v=b5b6ec5b:14335
[     930ms] [WARNING] [tanstack-router] These exports from "C:/Users/smartlink/myfiles/orion/src/routes/auth/login.tsx" will not be code-split and will increase your bundle size:
- AuthPage
For the best optimization, these items should either have their export statements removed, or be imported from another location that is not a route file. @ http://localhost:3000/src/routes/__root.tsx:193
[    1149ms] [ERROR] Failed to load resource: the server responded with a status of 401 (Unauthorized) @ http://localhost:3001/api/auth/me:0
[    1152ms] [ERROR] Failed to load resource: the server responded with a status of 401 (Unauthorized) @ http://localhost:3001/api/graphs/label/space?workspaceId=vMYUVNRCEHmu:0
[    2172ms] [ERROR] Failed to load resource: the server responded with a status of 401 (Unauthorized) @ http://localhost:3001/api/graphs/label/space?workspaceId=vMYUVNRCEHmu:0
[    4198ms] [ERROR] Failed to load resource: the server responded with a status of 401 (Unauthorized) @ http://localhost:3001/api/graphs/label/space?workspaceId=vMYUVNRCEHmu:0
[    8221ms] [ERROR] Failed to load resource: the server responded with a status of 401 (Unauthorized) @ http://localhost:3001/api/graphs/label/space?workspaceId=vMYUVNRCEHmu:0
[  116164ms] [LOG] %c[Server]%c color: #9333ea; font-weight: bold; color: inherit; 22.22.56 [vite] (client) hmr update /src/styles.css?direct, /src/features/workspaces/components/dropdown/Popover.tsx @ http://localhost:3000/src/routes/__root.tsx:259
[  116164ms] [LOG] %c[Server]%c color: #9333ea; font-weight: bold; color: inherit; 22.22.56 [vite] (ssr) page reload src/features/workspaces/components/dropdown/Popover.tsx @ http://localhost:3000/src/routes/__root.tsx:259
[  116164ms] [LOG] %c[Server]%c color: #9333ea; font-weight: bold; color: inherit; 22.22.56 [vite] (ssr) program reload @ http://localhost:3000/src/routes/__root.tsx:259
[  121424ms] [LOG] %c[Server]%c color: #9333ea; font-weight: bold; color: inherit; 22.23.02 [vite] (client) hmr update /src/styles.css?direct, /src/features/workspaces/components/dropdown/PriorityDropdown.tsx @ http://localhost:3000/src/routes/__root.tsx:259
[  121424ms] [LOG] %c[Server]%c color: #9333ea; font-weight: bold; color: inherit; 22.23.02 [vite] (ssr) page reload src/features/workspaces/components/dropdown/PriorityDropdown.tsx @ http://localhost:3000/src/routes/__root.tsx:259
[  121529ms] [LOG] %c[Server]%c color: #9333ea; font-weight: bold; color: inherit; 22.23.02 [vite] (client) hmr invalidate /src/features/workspaces/components/dropdown/PriorityDropdown.tsx Could not Fast Refresh ("defaultPriorityOptions" export is incompatible). Learn more at https://github.com/vitejs/vite-plugin-react/tree/main/packages/plugin-react#consistent-components-exports @ http://localhost:3000/src/routes/__root.tsx:259
[  121529ms] [LOG] %c[Server]%c color: #9333ea; font-weight: bold; color: inherit; 22.23.02 [vite] (client) hmr update /src/features/workspace/components/listtasks/ListTasks.tsx @ http://localhost:3000/src/routes/__root.tsx:259
[  126332ms] [LOG] %c[Server]%c color: #9333ea; font-weight: bold; color: inherit; 22.23.07 [vite] (client) hmr update /src/styles.css?direct, /src/features/workspaces/components/dropdown/StatusDropdown.tsx @ http://localhost:3000/src/routes/__root.tsx:259
[  126332ms] [LOG] %c[Server]%c color: #9333ea; font-weight: bold; color: inherit; 22.23.07 [vite] (ssr) page reload src/features/workspaces/components/dropdown/StatusDropdown.tsx @ http://localhost:3000/src/routes/__root.tsx:259
[  126505ms] [LOG] %c[Server]%c color: #9333ea; font-weight: bold; color: inherit; 22.23.07 [vite] (client) hmr invalidate /src/features/workspaces/components/dropdown/StatusDropdown.tsx Could not Fast Refresh ("defaultStatusOptions" export is incompatible). Learn more at https://github.com/vitejs/vite-plugin-react/tree/main/packages/plugin-react#consistent-components-exports @ http://localhost:3000/src/routes/__root.tsx:259
[  126505ms] [LOG] %c[Server]%c color: #9333ea; font-weight: bold; color: inherit; 22.23.07 [vite] (client) hmr update /src/features/workspace/components/listtasks/ListTasks.tsx @ http://localhost:3000/src/routes/__root.tsx:259
[  135056ms] [LOG] %c[Server]%c color: #9333ea; font-weight: bold; color: inherit; 22.23.15 [vite] (client) hmr update /src/styles.css?direct, /src/features/workspaces/components/dropdown/AssigneesDropdown.tsx @ http://localhost:3000/src/routes/__root.tsx:259
[  135056ms] [LOG] %c[Server]%c color: #9333ea; font-weight: bold; color: inherit; 22.23.15 [vite] (ssr) page reload src/features/workspaces/components/dropdown/AssigneesDropdown.tsx @ http://localhost:3000/src/routes/__root.tsx:259
[  135220ms] [LOG] %c[Server]%c color: #9333ea; font-weight: bold; color: inherit; 22.23.16 [vite] (client) hmr invalidate /src/features/workspaces/components/dropdown/AssigneesDropdown.tsx Could not Fast Refresh ("defaultAssigneeOptions" export is incompatible). Learn more at https://github.com/vitejs/vite-plugin-react/tree/main/packages/plugin-react#consistent-components-exports @ http://localhost:3000/src/routes/__root.tsx:259
[  135220ms] [LOG] %c[Server]%c color: #9333ea; font-weight: bold; color: inherit; 22.23.16 [vite] (client) hmr update /src/features/workspace/components/listtasks/ListTasks.tsx @ http://localhost:3000/src/routes/__root.tsx:259
[  145787ms] [LOG] %c[Server]%c color: #9333ea; font-weight: bold; color: inherit; 22.23.26 [vite] (client) hmr update /src/styles.css?direct, /src/features/workspaces/components/dropdown/DueDateDropdown.tsx @ http://localhost:3000/src/routes/__root.tsx:259
[  145788ms] [LOG] %c[Server]%c color: #9333ea; font-weight: bold; color: inherit; 22.23.26 [vite] (ssr) page reload src/features/workspaces/components/dropdown/DueDateDropdown.tsx @ http://localhost:3000/src/routes/__root.tsx:259
[  171266ms] [LOG] %c[Server]%c color: #9333ea; font-weight: bold; color: inherit; 22.23.52 [vite] (client) hmr update /src/styles.css?direct, /src/features/workspaces/components/dropdown/Popover.tsx @ http://localhost:3000/src/routes/__root.tsx:259
[  171266ms] [LOG] %c[Server]%c color: #9333ea; font-weight: bold; color: inherit; 22.23.52 [vite] (ssr) page reload src/features/workspaces/components/dropdown/Popover.tsx @ http://localhost:3000/src/routes/__root.tsx:259
[  175783ms] [LOG] %c[Server]%c color: #9333ea; font-weight: bold; color: inherit; 22.23.56 [vite] (client) hmr update /src/styles.css?direct, /src/features/workspaces/components/dropdown/Popover.tsx @ http://localhost:3000/src/routes/__root.tsx:259
[  175783ms] [LOG] %c[Server]%c color: #9333ea; font-weight: bold; color: inherit; 22.23.56 [vite] (ssr) page reload src/features/workspaces/components/dropdown/Popover.tsx @ http://localhost:3000/src/routes/__root.tsx:259
[  453411ms] [LOG] [vite] server connection lost. Polling for restart... @ http://localhost:3000/src/routes/__root.tsx:193
[  453416ms] [ERROR] Failed to load resource: net::ERR_NETWORK_IO_SUSPENDED @ http://localhost:3000/__tsd/console-pipe/sse:0
[ 1573217ms] [INFO] %cDownload the React DevTools for a better development experience: https://react.dev/link/react-devtools font-weight:bold @ http://localhost:3000/node_modules/.vite/deps/react-dom_client.js?v=b5b6ec5b:14335
[ 1573225ms] [WARNING] [tanstack-router] These exports from "C:/Users/smartlink/myfiles/orion/src/routes/auth/login.tsx" will not be code-split and will increase your bundle size:
- AuthPage
For the best optimization, these items should either have their export statements removed, or be imported from another location that is not a route file. @ http://localhost:3000/src/routes/__root.tsx:193
[ 1573540ms] [ERROR] Failed to load resource: the server responded with a status of 401 (Unauthorized) @ http://localhost:3001/api/auth/me:0
[ 1573541ms] [ERROR] Failed to load resource: the server responded with a status of 401 (Unauthorized) @ http://localhost:3001/api/graphs/label/space?workspaceId=vMYUVNRCEHmu:0
[ 1574363ms] [LOG] [vite] server connection lost. Polling for restart... @ http://localhost:3000/src/routes/__root.tsx:193
[ 1574365ms] [ERROR] Failed to load resource: net::ERR_NETWORK_IO_SUSPENDED @ http://localhost:3000/__tsd/console-pipe/sse:0
[10762205ms] [ERROR] Failed to load resource: net::ERR_NETWORK_IO_SUSPENDED @ http://localhost:3000/__tsd/console-pipe:0
[10762446ms] [ERROR] Failed to load resource: net::ERR_NETWORK_IO_SUSPENDED @ http://localhost:3000/__tsd/console-pipe/sse:0
[10762450ms] [ERROR] Failed to load resource: net::ERR_NETWORK_IO_SUSPENDED @ http://localhost:3001/api/graphs/label/space?workspaceId=vMYUVNRCEHmu:0
[19752724ms] [ERROR] Failed to load resource: the server responded with a status of 401 (Unauthorized) @ http://localhost:3001/api/graphs/label/space?workspaceId=vMYUVNRCEHmu:0
[19767891ms] [INFO] %cDownload the React DevTools for a better development experience: https://react.dev/link/react-devtools font-weight:bold @ http://localhost:3000/node_modules/.vite/deps/react-dom_client.js?v=b5b6ec5b:14335
[19767911ms] [WARNING] [tanstack-router] These exports from "C:/Users/smartlink/myfiles/orion/src/routes/auth/login.tsx" will not be code-split and will increase your bundle size:
- AuthPage
For the best optimization, these items should either have their export statements removed, or be imported from another location that is not a route file. @ http://localhost:3000/src/routes/__root.tsx:193
[19769792ms] [ERROR] Failed to load resource: the server responded with a status of 401 (Unauthorized) @ http://localhost:3001/api/auth/me:0
[19769793ms] [ERROR] Failed to load resource: the server responded with a status of 401 (Unauthorized) @ http://localhost:3001/api/graphs/label/space?workspaceId=vMYUVNRCEHmu:0
[19770833ms] [ERROR] Failed to load resource: the server responded with a status of 401 (Unauthorized) @ http://localhost:3001/api/graphs/label/space?workspaceId=vMYUVNRCEHmu:0
[19772854ms] [ERROR] Failed to load resource: the server responded with a status of 401 (Unauthorized) @ http://localhost:3001/api/graphs/label/space?workspaceId=vMYUVNRCEHmu:0
[19776869ms] [ERROR] Failed to load resource: the server responded with a status of 401 (Unauthorized) @ http://localhost:3001/api/graphs/label/space?workspaceId=vMYUVNRCEHmu:0
[19822937ms] [LOG] %c[Server]%c color: #9333ea; font-weight: bold; color: inherit; 03.51.23 [vite] (client) hmr update /src/styles.css?direct, /src/features/workspaces/components/dropdown/Popover.tsx @ http://localhost:3000/src/routes/__root.tsx:259
[19822937ms] [LOG] %c[Server]%c color: #9333ea; font-weight: bold; color: inherit; 03.51.23 [vite] (ssr) page reload src/features/workspaces/components/dropdown/Popover.tsx @ http://localhost:3000/src/routes/__root.tsx:259
[19822937ms] [LOG] %c[Server]%c color: #9333ea; font-weight: bold; color: inherit; 03.51.23 [vite] (ssr) program reload @ http://localhost:3000/src/routes/__root.tsx:259
[19870712ms] [LOG] %c[Server]%c color: #9333ea; font-weight: bold; color: inherit; 03.52.11 [vite] (client) hmr update /src/styles.css?direct, /src/features/workspaces/components/dropdown/Popover.tsx @ http://localhost:3000/src/routes/__root.tsx:259
[19870712ms] [LOG] %c[Server]%c color: #9333ea; font-weight: bold; color: inherit; 03.52.11 [vite] (ssr) page reload src/features/workspaces/components/dropdown/Popover.tsx @ http://localhost:3000/src/routes/__root.tsx:259
[19946720ms] [LOG] %c[Server]%c color: #9333ea; font-weight: bold; color: inherit; 03.53.27 [vite] (client) hmr update /src/styles.css?direct, /src/features/workspaces/components/dropdown/Popover.tsx @ http://localhost:3000/src/routes/__root.tsx:259
[19946720ms] [LOG] %c[Server]%c color: #9333ea; font-weight: bold; color: inherit; 03.53.27 [vite] (ssr) page reload src/features/workspaces/components/dropdown/Popover.tsx @ http://localhost:3000/src/routes/__root.tsx:259
[19960335ms] [LOG] %c[Server]%c color: #9333ea; font-weight: bold; color: inherit; 03.53.41 [vite] (client) hmr update /src/styles.css?direct, /src/features/workspaces/components/dropdown/Popover.tsx @ http://localhost:3000/src/routes/__root.tsx:259
[19960335ms] [LOG] %c[Server]%c color: #9333ea; font-weight: bold; color: inherit; 03.53.41 [vite] (ssr) page reload src/features/workspaces/components/dropdown/Popover.tsx @ http://localhost:3000/src/routes/__root.tsx:259
[19960444ms] [ERROR] The final argument passed to %s changed size between renders. The order and size of this array must remain constant.

Previous: %s
Incoming: %s useEffect [false] [false, ] @ http://localhost:3000/src/routes/__root.tsx:193
[19960445ms] [ERROR] The final argument passed to %s changed size between renders. The order and size of this array must remain constant.

Previous: %s
Incoming: %s useEffect [false] [false, ] @ http://localhost:3000/src/routes/__root.tsx:193
[19960445ms] [ERROR] The final argument passed to %s changed size between renders. The order and size of this array must remain constant.

Previous: %s
Incoming: %s useEffect [false] [false, ] @ http://localhost:3000/src/routes/__root.tsx:193
[19960446ms] [ERROR] The final argument passed to %s changed size between renders. The order and size of this array must remain constant.

Previous: %s
Incoming: %s useEffect [true] [true, [object Object]] @ http://localhost:3000/src/routes/__root.tsx:193
[19960446ms] [ERROR] The final argument passed to %s changed size between renders. The order and size of this array must remain constant.

Previous: %s
Incoming: %s useEffect [false] [false, ] @ http://localhost:3000/src/routes/__root.tsx:193
[19960447ms] [ERROR] The final argument passed to %s changed size between renders. The order and size of this array must remain constant.

Previous: %s
Incoming: %s useEffect [false] [false, ] @ http://localhost:3000/src/routes/__root.tsx:193
[19960447ms] [ERROR] The final argument passed to %s changed size between renders. The order and size of this array must remain constant.

Previous: %s
Incoming: %s useEffect [false] [false, ] @ http://localhost:3000/src/routes/__root.tsx:193
[19960447ms] [ERROR] The final argument passed to %s changed size between renders. The order and size of this array must remain constant.

Previous: %s
Incoming: %s useEffect [false] [false, ] @ http://localhost:3000/src/routes/__root.tsx:193
[19960448ms] [ERROR] The final argument passed to %s changed size between renders. The order and size of this array must remain constant.

Previous: %s
Incoming: %s useEffect [false] [false, ] @ http://localhost:3000/src/routes/__root.tsx:193
[19960448ms] [ERROR] The final argument passed to %s changed size between renders. The order and size of this array must remain constant.

Previous: %s
Incoming: %s useEffect [false] [false, ] @ http://localhost:3000/src/routes/__root.tsx:193
[19960449ms] [ERROR] The final argument passed to %s changed size between renders. The order and size of this array must remain constant.

Previous: %s
Incoming: %s useEffect [false] [false, ] @ http://localhost:3000/src/routes/__root.tsx:193
[19960449ms] [ERROR] The final argument passed to %s changed size between renders. The order and size of this array must remain constant.

Previous: %s
Incoming: %s useEffect [false] [false, ] @ http://localhost:3000/src/routes/__root.tsx:193
[19974806ms] [LOG] [vite] server connection lost. Polling for restart... @ http://localhost:3000/src/routes/__root.tsx:193
[20080712ms] [ERROR] Failed to load resource: net::ERR_NETWORK_IO_SUSPENDED @ http://localhost:3000/__tsd/console-pipe/sse:0
[20082767ms] [INFO] %cDownload the React DevTools for a better development experience: https://react.dev/link/react-devtools font-weight:bold @ http://localhost:3000/node_modules/.vite/deps/react-dom_client.js?v=b5b6ec5b:14335
[20082777ms] [WARNING] [tanstack-router] These exports from "C:/Users/smartlink/myfiles/orion/src/routes/auth/login.tsx" will not be code-split and will increase your bundle size:
- AuthPage
For the best optimization, these items should either have their export statements removed, or be imported from another location that is not a route file. @ http://localhost:3000/src/routes/__root.tsx:193
[20082935ms] [ERROR] Failed to load resource: the server responded with a status of 401 (Unauthorized) @ http://localhost:3001/api/auth/me:0
[20083023ms] [ERROR] Failed to load resource: the server responded with a status of 401 (Unauthorized) @ http://localhost:3001/api/graphs/label/space?workspaceId=vMYUVNRCEHmu:0
[20084041ms] [ERROR] Failed to load resource: the server responded with a status of 401 (Unauthorized) @ http://localhost:3001/api/graphs/label/space?workspaceId=vMYUVNRCEHmu:0
[20086051ms] [ERROR] Failed to load resource: the server responded with a status of 401 (Unauthorized) @ http://localhost:3001/api/graphs/label/space?workspaceId=vMYUVNRCEHmu:0
[20090068ms] [ERROR] Failed to load resource: the server responded with a status of 401 (Unauthorized) @ http://localhost:3001/api/graphs/label/space?workspaceId=vMYUVNRCEHmu:0
[20207483ms] [LOG] %c[Server]%c color: #9333ea; font-weight: bold; color: inherit; 03.57.48 [vite] (client) hmr update /src/styles.css?direct, /src/features/workspaces/components/dropdown/PriorityDropdown.tsx @ http://localhost:3000/src/routes/__root.tsx:259
[20207483ms] [LOG] %c[Server]%c color: #9333ea; font-weight: bold; color: inherit; 03.57.48 [vite] (ssr) page reload src/features/workspaces/components/dropdown/PriorityDropdown.tsx @ http://localhost:3000/src/routes/__root.tsx:259
[20207483ms] [LOG] %c[Server]%c color: #9333ea; font-weight: bold; color: inherit; 03.57.48 [vite] (ssr) program reload @ http://localhost:3000/src/routes/__root.tsx:259
[20207775ms] [LOG] %c[Server]%c color: #9333ea; font-weight: bold; color: inherit; 03.57.48 [vite] (client) hmr invalidate /src/features/workspaces/components/dropdown/PriorityDropdown.tsx Could not Fast Refresh ("defaultPriorityOptions" export is incompatible). Learn more at https://github.com/vitejs/vite-plugin-react/tree/main/packages/plugin-react#consistent-components-exports @ http://localhost:3000/src/routes/__root.tsx:259
[20207775ms] [LOG] %c[Server]%c color: #9333ea; font-weight: bold; color: inherit; 03.57.48 [vite] (client) hmr update /src/features/workspace/components/listtasks/ListTasks.tsx @ http://localhost:3000/src/routes/__root.tsx:259
[20211912ms] [LOG] %c[Server]%c color: #9333ea; font-weight: bold; color: inherit; 03.57.52 [vite] (client) hmr update /src/styles.css?direct, /src/features/workspaces/components/dropdown/PriorityDropdown.tsx @ http://localhost:3000/src/routes/__root.tsx:259
[20211912ms] [LOG] %c[Server]%c color: #9333ea; font-weight: bold; color: inherit; 03.57.52 [vite] (ssr) page reload src/features/workspaces/components/dropdown/PriorityDropdown.tsx @ http://localhost:3000/src/routes/__root.tsx:259
[20212048ms] [LOG] %c[Server]%c color: #9333ea; font-weight: bold; color: inherit; 03.57.52 [vite] (client) hmr invalidate /src/features/workspaces/components/dropdown/PriorityDropdown.tsx Could not Fast Refresh ("defaultPriorityOptions" export is incompatible). Learn more at https://github.com/vitejs/vite-plugin-react/tree/main/packages/plugin-react#consistent-components-exports @ http://localhost:3000/src/routes/__root.tsx:259
[20212048ms] [LOG] %c[Server]%c color: #9333ea; font-weight: bold; color: inherit; 03.57.52 [vite] (client) hmr update /src/features/workspace/components/listtasks/ListTasks.tsx @ http://localhost:3000/src/routes/__root.tsx:259
[20316594ms] [LOG] %c[Server]%c color: #9333ea; font-weight: bold; color: inherit; 03.59.37 [vite] (client) hmr update /src/styles.css?direct, /src/features/workspaces/components/dropdown/PriorityDropdown.tsx @ http://localhost:3000/src/routes/__root.tsx:259
[20316594ms] [LOG] %c[Server]%c color: #9333ea; font-weight: bold; color: inherit; 03.59.37 [vite] (ssr) page reload src/features/workspaces/components/dropdown/PriorityDropdown.tsx @ http://localhost:3000/src/routes/__root.tsx:259
[20316765ms] [LOG] %c[Server]%c color: #9333ea; font-weight: bold; color: inherit; 03.59.37 [vite] (client) hmr invalidate /src/features/workspaces/components/dropdown/PriorityDropdown.tsx Could not Fast Refresh ("defaultPriorityOptions" export is incompatible). Learn more at https://github.com/vitejs/vite-plugin-react/tree/main/packages/plugin-react#consistent-components-exports @ http://localhost:3000/src/routes/__root.tsx:259
[20316765ms] [LOG] %c[Server]%c color: #9333ea; font-weight: bold; color: inherit; 03.59.37 [vite] (client) hmr update /src/features/workspace/components/listtasks/ListTasks.tsx @ http://localhost:3000/src/routes/__root.tsx:259
[20333605ms] [LOG] %c[Server]%c color: #9333ea; font-weight: bold; color: inherit; 03.59.54 [vite] (client) hmr update /src/styles.css?direct, /src/features/workspaces/components/dropdown/PriorityDropdown.tsx @ http://localhost:3000/src/routes/__root.tsx:259
[20333605ms] [LOG] %c[Server]%c color: #9333ea; font-weight: bold; color: inherit; 03.59.54 [vite] (ssr) page reload src/features/workspaces/components/dropdown/PriorityDropdown.tsx @ http://localhost:3000/src/routes/__root.tsx:259
[20333742ms] [LOG] %c[Server]%c color: #9333ea; font-weight: bold; color: inherit; 03.59.54 [vite] (client) hmr invalidate /src/features/workspaces/components/dropdown/PriorityDropdown.tsx Could not Fast Refresh ("defaultPriorityOptions" export is incompatible). Learn more at https://github.com/vitejs/vite-plugin-react/tree/main/packages/plugin-react#consistent-components-exports @ http://localhost:3000/src/routes/__root.tsx:259
[20333742ms] [LOG] %c[Server]%c color: #9333ea; font-weight: bold; color: inherit; 03.59.54 [vite] (client) hmr update /src/features/workspace/components/listtasks/ListTasks.tsx @ http://localhost:3000/src/routes/__root.tsx:259
[20550668ms] [LOG] [vite] server connection lost. Polling for restart... @ http://localhost:3000/src/routes/__root.tsx:193
[20550674ms] [ERROR] Failed to load resource: net::ERR_NETWORK_IO_SUSPENDED @ http://localhost:3000/__tsd/console-pipe/sse:0
[20562117ms] [INFO] %cDownload the React DevTools for a better development experience: https://react.dev/link/react-devtools font-weight:bold @ http://localhost:3000/node_modules/.vite/deps/react-dom_client.js?v=b5b6ec5b:14335
[20562140ms] [WARNING] [tanstack-router] These exports from "C:/Users/smartlink/myfiles/orion/src/routes/auth/login.tsx" will not be code-split and will increase your bundle size:
- AuthPage
For the best optimization, these items should either have their export statements removed, or be imported from another location that is not a route file. @ http://localhost:3000/src/routes/__root.tsx:193
[20562643ms] [ERROR] Failed to load resource: the server responded with a status of 401 (Unauthorized) @ http://localhost:3001/api/auth/me:0
[20562646ms] [ERROR] Failed to load resource: the server responded with a status of 401 (Unauthorized) @ http://localhost:3001/api/graphs/label/space?workspaceId=vMYUVNRCEHmu:0
[20563666ms] [ERROR] Failed to load resource: the server responded with a status of 401 (Unauthorized) @ http://localhost:3001/api/graphs/label/space?workspaceId=vMYUVNRCEHmu:0
[20565682ms] [ERROR] Failed to load resource: the server responded with a status of 401 (Unauthorized) @ http://localhost:3001/api/graphs/label/space?workspaceId=vMYUVNRCEHmu:0
[20565951ms] [LOG] [vite] server connection lost. Polling for restart... @ http://localhost:3000/src/routes/__root.tsx:193
[20565953ms] [ERROR] Failed to load resource: net::ERR_NETWORK_IO_SUSPENDED @ http://localhost:3000/__tsd/console-pipe/sse:0
[24082218ms] [ERROR] Failed to load resource: the server responded with a status of 401 (Unauthorized) @ http://localhost:3001/api/graphs/label/space?workspaceId=vMYUVNRCEHmu:0
[24105582ms] [INFO] %cDownload the React DevTools for a better development experience: https://react.dev/link/react-devtools font-weight:bold @ http://localhost:3000/node_modules/.vite/deps/react-dom_client.js?v=b5b6ec5b:14335
[24105613ms] [WARNING] [tanstack-router] These exports from "C:/Users/smartlink/myfiles/orion/src/routes/auth/login.tsx" will not be code-split and will increase your bundle size:
- AuthPage
For the best optimization, these items should either have their export statements removed, or be imported from another location that is not a route file. @ http://localhost:3000/src/routes/__root.tsx:193
[24106828ms] [ERROR] Failed to load resource: the server responded with a status of 401 (Unauthorized) @ http://localhost:3001/api/auth/me:0
[24106833ms] [ERROR] Failed to load resource: the server responded with a status of 401 (Unauthorized) @ http://localhost:3001/api/graphs/label/space?workspaceId=vMYUVNRCEHmu:0
[24108151ms] [ERROR] Failed to load resource: the server responded with a status of 401 (Unauthorized) @ http://localhost:3001/api/graphs/label/space?workspaceId=vMYUVNRCEHmu:0
[24110184ms] [ERROR] Failed to load resource: the server responded with a status of 401 (Unauthorized) @ http://localhost:3001/api/graphs/label/space?workspaceId=vMYUVNRCEHmu:0
[24114203ms] [ERROR] Failed to load resource: the server responded with a status of 401 (Unauthorized) @ http://localhost:3001/api/graphs/label/space?workspaceId=vMYUVNRCEHmu:0
[24245413ms] [LOG] %c[Server]%c color: #9333ea; font-weight: bold; color: inherit; 05.05.06 [vite] (client) hmr update /src/styles.css?direct, /src/features/workspaces/components/dropdown/AssigneesDropdown.tsx @ http://localhost:3000/src/routes/__root.tsx:259
[24245413ms] [LOG] %c[Server]%c color: #9333ea; font-weight: bold; color: inherit; 05.05.06 [vite] (ssr) page reload src/features/workspaces/components/dropdown/AssigneesDropdown.tsx @ http://localhost:3000/src/routes/__root.tsx:259
[24245413ms] [LOG] %c[Server]%c color: #9333ea; font-weight: bold; color: inherit; 05.05.06 [vite] (ssr) program reload @ http://localhost:3000/src/routes/__root.tsx:259
[24245766ms] [LOG] %c[Server]%c color: #9333ea; font-weight: bold; color: inherit; 05.05.06 [vite] (client) hmr invalidate /src/features/workspaces/components/dropdown/AssigneesDropdown.tsx Could not Fast Refresh ("defaultAssigneeOptions" export is incompatible). Learn more at https://github.com/vitejs/vite-plugin-react/tree/main/packages/plugin-react#consistent-components-exports @ http://localhost:3000/src/routes/__root.tsx:259
[24245768ms] [LOG] %c[Server]%c color: #9333ea; font-weight: bold; color: inherit; 05.05.06 [vite] (client) hmr update /src/features/workspace/components/listtasks/ListTasks.tsx @ http://localhost:3000/src/routes/__root.tsx:259
[24254663ms] [LOG] %c[Server]%c color: #9333ea; font-weight: bold; color: inherit; 05.05.15 [vite] (client) hmr update /src/styles.css?direct, /src/features/workspaces/components/dropdown/PriorityDropdown.tsx @ http://localhost:3000/src/routes/__root.tsx:259
[24254663ms] [LOG] %c[Server]%c color: #9333ea; font-weight: bold; color: inherit; 05.05.15 [vite] (ssr) page reload src/features/workspaces/components/dropdown/PriorityDropdown.tsx @ http://localhost:3000/src/routes/__root.tsx:259
[24254882ms] [LOG] %c[Server]%c color: #9333ea; font-weight: bold; color: inherit; 05.05.15 [vite] (client) hmr invalidate /src/features/workspaces/components/dropdown/PriorityDropdown.tsx Could not Fast Refresh ("defaultPriorityOptions" export is incompatible). Learn more at https://github.com/vitejs/vite-plugin-react/tree/main/packages/plugin-react#consistent-components-exports @ http://localhost:3000/src/routes/__root.tsx:259
[24254883ms] [LOG] %c[Server]%c color: #9333ea; font-weight: bold; color: inherit; 05.05.15 [vite] (client) hmr update /src/features/workspace/components/listtasks/ListTasks.tsx @ http://localhost:3000/src/routes/__root.tsx:259
[24294110ms] [LOG] %c[Server]%c color: #9333ea; font-weight: bold; color: inherit; 05.05.54 [vite] (client) hmr update /src/styles.css?direct, /src/features/workspace/components/listtasks/ListTasks.tsx @ http://localhost:3000/src/routes/__root.tsx:259
[24294110ms] [LOG] %c[Server]%c color: #9333ea; font-weight: bold; color: inherit; 05.05.54 [vite] (ssr) page reload src/features/workspace/components/listtasks/ListTasks.tsx @ http://localhost:3000/src/routes/__root.tsx:259
[24548185ms] [WARNING] %c[Server]%c color: #9333ea; font-weight: bold; color: inherit; Warning: A notFoundError was encountered on the route with ID "__root__", but a notFoundComponent option was not configured, nor was a router level defaultNotFoundComponent configured. Consider configuring at least one of these to avoid TanStack Router's overly generic defaultNotFoundComponent (<p>Not Found</p>) @ http://localhost:3000/src/routes/__root.tsx:259
[24572807ms] [WARNING] %c[Server]%c color: #9333ea; font-weight: bold; color: inherit; Warning: A notFoundError was encountered on the route with ID "__root__", but a notFoundComponent option was not configured, nor was a router level defaultNotFoundComponent configured. Consider configuring at least one of these to avoid TanStack Router's overly generic defaultNotFoundComponent (<p>Not Found</p>) @ http://localhost:3000/src/routes/__root.tsx:259
[24747060ms] [LOG] %c[Server]%c color: #9333ea; font-weight: bold; color: inherit; 05.13.27 [vite] (client) hmr update /src/styles.css?direct, /src/features/workspace/components/listtasks/ListTasks.tsx @ http://localhost:3000/src/routes/__root.tsx:259
[24747060ms] [LOG] %c[Server]%c color: #9333ea; font-weight: bold; color: inherit; 05.13.27 [vite] (ssr) page reload src/features/workspace/components/listtasks/ListTasks.tsx @ http://localhost:3000/src/routes/__root.tsx:259
[24747061ms] [LOG] %c[Server]%c color: #9333ea; font-weight: bold; color: inherit; 05.13.27 [vite] (ssr) program reload @ http://localhost:3000/src/routes/__root.tsx:259
[25496743ms] [LOG] %c[Server]%c color: #9333ea; font-weight: bold; color: inherit; 05.25.57 [vite] (client) hmr update /src/styles.css?direct, /src/features/workspace/components/listtasks/ListTasks.tsx @ http://localhost:3000/src/routes/__root.tsx:259
[25496743ms] [LOG] %c[Server]%c color: #9333ea; font-weight: bold; color: inherit; 05.25.57 [vite] (ssr) page reload src/features/workspace/components/listtasks/ListTasks.tsx @ http://localhost:3000/src/routes/__root.tsx:259
[25615173ms] [LOG] %c[Server]%c color: #9333ea; font-weight: bold; color: inherit; 05.27.55 [vite] (client) hmr update /src/styles.css?direct, /src/features/workspace/components/listtasks/ListTasks.tsx @ http://localhost:3000/src/routes/__root.tsx:259
[25615173ms] [LOG] %c[Server]%c color: #9333ea; font-weight: bold; color: inherit; 05.27.55 [vite] (ssr) page reload src/features/workspace/components/listtasks/ListTasks.tsx @ http://localhost:3000/src/routes/__root.tsx:259
[25915119ms] [LOG] %c[Server]%c color: #9333ea; font-weight: bold; color: inherit; 05.32.55 [vite] (client) hmr update /src/styles.css?direct, /src/components/ui/Avatar.tsx @ http://localhost:3000/src/routes/__root.tsx:259
[25915119ms] [LOG] %c[Server]%c color: #9333ea; font-weight: bold; color: inherit; 05.32.55 [vite] (ssr) page reload src/components/ui/Avatar.tsx @ http://localhost:3000/src/routes/__root.tsx:259
[25919569ms] [LOG] %c[Server]%c color: #9333ea; font-weight: bold; color: inherit; 05.33.00 [vite] (client) hmr update /src/styles.css?direct, /src/components/ui/Avatar.tsx @ http://localhost:3000/src/routes/__root.tsx:259
[25919569ms] [LOG] %c[Server]%c color: #9333ea; font-weight: bold; color: inherit; 05.33.00 [vite] (ssr) page reload src/components/ui/Avatar.tsx @ http://localhost:3000/src/routes/__root.tsx:259
[25934906ms] [LOG] %c[Server]%c color: #9333ea; font-weight: bold; color: inherit; 05.33.15 [vite] (client) hmr update /src/styles.css?direct, /src/components/ui/Avatar.tsx @ http://localhost:3000/src/routes/__root.tsx:259
[25934907ms] [LOG] %c[Server]%c color: #9333ea; font-weight: bold; color: inherit; 05.33.15 [vite] (ssr) page reload src/components/ui/Avatar.tsx @ http://localhost:3000/src/routes/__root.tsx:259
[25941876ms] [LOG] %c[Server]%c color: #9333ea; font-weight: bold; color: inherit; 05.33.22 [vite] (client) hmr update /src/styles.css?direct, /src/components/ui/Avatar.tsx @ http://localhost:3000/src/routes/__root.tsx:259
[25941876ms] [LOG] %c[Server]%c color: #9333ea; font-weight: bold; color: inherit; 05.33.22 [vite] (ssr) page reload src/components/ui/Avatar.tsx @ http://localhost:3000/src/routes/__root.tsx:259
[25968414ms] [LOG] %c[Server]%c color: #9333ea; font-weight: bold; color: inherit; 05.33.49 [vite] (client) hmr update /src/styles.css?direct, /src/components/ui/Avatar.tsx @ http://localhost:3000/src/routes/__root.tsx:259
[25968414ms] [LOG] %c[Server]%c color: #9333ea; font-weight: bold; color: inherit; 05.33.49 [vite] (ssr) page reload src/components/ui/Avatar.tsx @ http://localhost:3000/src/routes/__root.tsx:259
[25973257ms] [LOG] %c[Server]%c color: #9333ea; font-weight: bold; color: inherit; 05.33.54 [vite] (client) hmr update /src/styles.css?direct, /src/components/ui/Avatar.tsx @ http://localhost:3000/src/routes/__root.tsx:259
[25973257ms] [LOG] %c[Server]%c color: #9333ea; font-weight: bold; color: inherit; 05.33.54 [vite] (ssr) page reload src/components/ui/Avatar.tsx @ http://localhost:3000/src/routes/__root.tsx:259
[26392988ms] [WARNING] %c[Server]%c color: #9333ea; font-weight: bold; color: inherit; Warning: A notFoundError was encountered on the route with ID "__root__", but a notFoundComponent option was not configured, nor was a router level defaultNotFoundComponent configured. Consider configuring at least one of these to avoid TanStack Router's overly generic defaultNotFoundComponent (<p>Not Found</p>) @ http://localhost:3000/src/routes/__root.tsx:259
[26406664ms] [WARNING] %c[Server]%c color: #9333ea; font-weight: bold; color: inherit; Warning: A notFoundError was encountered on the route with ID "__root__", but a notFoundComponent option was not configured, nor was a router level defaultNotFoundComponent configured. Consider configuring at least one of these to avoid TanStack Router's overly generic defaultNotFoundComponent (<p>Not Found</p>) @ http://localhost:3000/src/routes/__root.tsx:259
[27202547ms] [LOG] %c[Server]%c color: #9333ea; font-weight: bold; color: inherit; 05.54.23 [vite] (client) hmr update /src/styles.css?direct, /src/routes/workspace/$id/s/l/$listid.tsx?tsr-split=component, /src/routes/workspace/$id.tsx?tsr-split=component @ http://localhost:3000/src/routes/__root.tsx:259
[27202547ms] [LOG] %c[Server]%c color: #9333ea; font-weight: bold; color: inherit; 05.54.23 [vite] (ssr) page reload src/features/graphs/services/graphService.ts @ http://localhost:3000/src/routes/__root.tsx:259
[27202547ms] [LOG] %c[Server]%c color: #9333ea; font-weight: bold; color: inherit; 05.54.23 [vite] (ssr) program reload @ http://localhost:3000/src/routes/__root.tsx:259
[27203258ms] [ERROR] Failed to load resource: the server responded with a status of 401 (Unauthorized) @ http://localhost:3001/api/graphs/label/space?workspaceId=vMYUVNRCEHmu:0
[27204278ms] [ERROR] Failed to load resource: the server responded with a status of 401 (Unauthorized) @ http://localhost:3001/api/graphs/label/space?workspaceId=vMYUVNRCEHmu:0
[27206300ms] [ERROR] Failed to load resource: the server responded with a status of 401 (Unauthorized) @ http://localhost:3001/api/graphs/label/space?workspaceId=vMYUVNRCEHmu:0
[27210310ms] [ERROR] Failed to load resource: the server responded with a status of 401 (Unauthorized) @ http://localhost:3001/api/graphs/label/space?workspaceId=vMYUVNRCEHmu:0
[27244336ms] [LOG] %c[Server]%c color: #9333ea; font-weight: bold; color: inherit; 05.55.05 [vite] (client) hmr update /src/styles.css?direct, /src/routes/workspace/$id/s/l/$listid.tsx?tsr-split=component, /src/routes/workspace/$id.tsx?tsr-split=component @ http://localhost:3000/src/routes/__root.tsx:259
[27244337ms] [LOG] %c[Server]%c color: #9333ea; font-weight: bold; color: inherit; 05.55.05 [vite] (ssr) page reload src/features/graphs/services/graphService.ts @ http://localhost:3000/src/routes/__root.tsx:259
[27244760ms] [ERROR] Failed to load resource: the server responded with a status of 401 (Unauthorized) @ http://localhost:3001/api/graphs/label/space?workspaceId=vMYUVNRCEHmu:0
[27245779ms] [ERROR] Failed to load resource: the server responded with a status of 401 (Unauthorized) @ http://localhost:3001/api/graphs/label/space?workspaceId=vMYUVNRCEHmu:0
[27247790ms] [ERROR] Failed to load resource: the server responded with a status of 401 (Unauthorized) @ http://localhost:3001/api/graphs/label/space?workspaceId=vMYUVNRCEHmu:0
[27251811ms] [ERROR] Failed to load resource: the server responded with a status of 401 (Unauthorized) @ http://localhost:3001/api/graphs/label/space?workspaceId=vMYUVNRCEHmu:0
[27268958ms] [LOG] %c[Server]%c color: #9333ea; font-weight: bold; color: inherit; 05.55.29 [vite] (client) hmr update /src/styles.css?direct, /src/routes/workspace/$id/s/l/$listid.tsx, /src/routes/workspace/$id/s/l/$listid.tsx?tsr-split=component @ http://localhost:3000/src/routes/__root.tsx:259
[27268958ms] [LOG] %c[Server]%c color: #9333ea; font-weight: bold; color: inherit; 05.55.29 [vite] (ssr) page reload src/routes/workspace/$id/s/l/$listid.tsx @ http://localhost:3000/src/routes/__root.tsx:259
[27269396ms] [ERROR] Failed to load resource: the server responded with a status of 401 (Unauthorized) @ http://localhost:3001/api/graphs/label/space?workspaceId=vMYUVNRCEHmu:0
[27270411ms] [ERROR] Failed to load resource: the server responded with a status of 401 (Unauthorized) @ http://localhost:3001/api/graphs/label/space?workspaceId=vMYUVNRCEHmu:0
[27272420ms] [ERROR] Failed to load resource: the server responded with a status of 401 (Unauthorized) @ http://localhost:3001/api/graphs/label/space?workspaceId=vMYUVNRCEHmu:0
[27276429ms] [ERROR] Failed to load resource: the server responded with a status of 401 (Unauthorized) @ http://localhost:3001/api/graphs/label/space?workspaceId=vMYUVNRCEHmu:0
[27315227ms] [LOG] %c[Server]%c color: #9333ea; font-weight: bold; color: inherit; 05.56.16 [vite] (client) hmr update /src/styles.css?direct, /src/routes/workspace/$id/s/l/$listid.tsx, /src/routes/workspace/$id/s/l/$listid.tsx?tsr-split=component @ http://localhost:3000/src/routes/__root.tsx:259
[27315228ms] [LOG] %c[Server]%c color: #9333ea; font-weight: bold; color: inherit; 05.56.16 [vite] (ssr) page reload src/routes/workspace/$id/s/l/$listid.tsx @ http://localhost:3000/src/routes/__root.tsx:259
[27315641ms] [ERROR] Failed to load resource: the server responded with a status of 401 (Unauthorized) @ http://localhost:3001/api/graphs/label/space?workspaceId=vMYUVNRCEHmu:0
[27315642ms] [ERROR] Failed to load resource: the server responded with a status of 401 (Unauthorized) @ http://localhost:3001/api/graphs/fGBsBLO2p4pT:0
[27316662ms] [ERROR] Failed to load resource: the server responded with a status of 401 (Unauthorized) @ http://localhost:3001/api/graphs/label/space?workspaceId=vMYUVNRCEHmu:0
[27316713ms] [ERROR] Failed to load resource: the server responded with a status of 401 (Unauthorized) @ http://localhost:3001/api/graphs/fGBsBLO2p4pT:0
[27318680ms] [ERROR] Failed to load resource: the server responded with a status of 401 (Unauthorized) @ http://localhost:3001/api/graphs/label/space?workspaceId=vMYUVNRCEHmu:0
[27318733ms] [ERROR] Failed to load resource: the server responded with a status of 401 (Unauthorized) @ http://localhost:3001/api/graphs/fGBsBLO2p4pT:0
[27322699ms] [ERROR] Failed to load resource: the server responded with a status of 401 (Unauthorized) @ http://localhost:3001/api/graphs/label/space?workspaceId=vMYUVNRCEHmu:0
[27322749ms] [ERROR] Failed to load resource: the server responded with a status of 401 (Unauthorized) @ http://localhost:3001/api/graphs/fGBsBLO2p4pT:0
[27368492ms] [LOG] %c[Server]%c color: #9333ea; font-weight: bold; color: inherit; 05.57.09 [vite] (client) hmr update /src/styles.css?direct, /src/routes/workspace/$id/s/l/$listid.tsx?tsr-split=component, /src/routes/workspace/$id.tsx?tsr-split=component @ http://localhost:3000/src/routes/__root.tsx:259
[27368492ms] [LOG] %c[Server]%c color: #9333ea; font-weight: bold; color: inherit; 05.57.09 [vite] (ssr) page reload src/features/graphs/services/graphService.ts @ http://localhost:3000/src/routes/__root.tsx:259
[27368934ms] [ERROR] Failed to load resource: the server responded with a status of 401 (Unauthorized) @ http://localhost:3001/api/graphs/label/space?workspaceId=vMYUVNRCEHmu:0
[27368935ms] [ERROR] Failed to load resource: the server responded with a status of 401 (Unauthorized) @ http://localhost:3001/api/graphs/fGBsBLO2p4pT:0
[27369962ms] [ERROR] Failed to load resource: the server responded with a status of 401 (Unauthorized) @ http://localhost:3001/api/graphs/label/space?workspaceId=vMYUVNRCEHmu:0
[27369964ms] [ERROR] Failed to load resource: the server responded with a status of 401 (Unauthorized) @ http://localhost:3001/api/graphs/fGBsBLO2p4pT:0
[27371976ms] [ERROR] Failed to load resource: the server responded with a status of 401 (Unauthorized) @ http://localhost:3001/api/graphs/label/space?workspaceId=vMYUVNRCEHmu:0
[27371977ms] [ERROR] Failed to load resource: the server responded with a status of 401 (Unauthorized) @ http://localhost:3001/api/graphs/fGBsBLO2p4pT:0
[27375992ms] [ERROR] Failed to load resource: the server responded with a status of 401 (Unauthorized) @ http://localhost:3001/api/graphs/label/space?workspaceId=vMYUVNRCEHmu:0
[27375993ms] [ERROR] Failed to load resource: the server responded with a status of 401 (Unauthorized) @ http://localhost:3001/api/graphs/fGBsBLO2p4pT:0
[27706946ms] [LOG] [vite] server connection lost. Polling for restart... @ http://localhost:3000/src/routes/__root.tsx:193
[27706959ms] [ERROR] Failed to load resource: net::ERR_NETWORK_IO_SUSPENDED @ http://localhost:3000/__tsd/console-pipe/sse:0
[27999485ms] [LOG] [vite] server connection lost. Polling for restart... @ http://localhost:3000/@vite/client:1002
[29676178ms] [INFO] %cDownload the React DevTools for a better development experience: https://react.dev/link/react-devtools font-weight:bold @ http://localhost:3000/node_modules/.vite/deps/react-dom_client.js?v=b5b6ec5b:14335
[29676202ms] [WARNING] [tanstack-router] These exports from "C:/Users/smartlink/myfiles/orion/src/routes/auth/login.tsx" will not be code-split and will increase your bundle size:
- AuthPage
For the best optimization, these items should either have their export statements removed, or be imported from another location that is not a route file. @ http://localhost:3000/src/routes/__root.tsx:193
[29683444ms] [INFO] %cDownload the React DevTools for a better development experience: https://react.dev/link/react-devtools font-weight:bold @ http://localhost:3000/node_modules/.vite/deps/react-dom_client.js?v=b5b6ec5b:14335
[29683450ms] [WARNING] [tanstack-router] These exports from "C:/Users/smartlink/myfiles/orion/src/routes/auth/login.tsx" will not be code-split and will increase your bundle size:
- AuthPage
For the best optimization, these items should either have their export statements removed, or be imported from another location that is not a route file. @ http://localhost:3000/src/routes/__root.tsx:193
[29696381ms] [ERROR] Failed to load resource: the server responded with a status of 401 (Unauthorized) @ http://localhost:3001/api/auth/me:0
[29696383ms] [ERROR] Failed to load resource: the server responded with a status of 401 (Unauthorized) @ http://localhost:3001/api/graphs/label/space?workspaceId=vMYUVNRCEHmu:0
[29696700ms] [ERROR] Failed to load resource: the server responded with a status of 401 (Unauthorized) @ http://localhost:3001/api/graphs/fGBsBLO2p4pT:0
[29697393ms] [ERROR] Failed to load resource: the server responded with a status of 401 (Unauthorized) @ http://localhost:3001/api/graphs/label/space?workspaceId=vMYUVNRCEHmu:0
[29697928ms] [ERROR] Failed to load resource: the server responded with a status of 401 (Unauthorized) @ http://localhost:3001/api/graphs/fGBsBLO2p4pT:0
[29699429ms] [ERROR] Failed to load resource: the server responded with a status of 401 (Unauthorized) @ http://localhost:3001/api/graphs/label/space?workspaceId=vMYUVNRCEHmu:0
[29699964ms] [ERROR] Failed to load resource: the server responded with a status of 401 (Unauthorized) @ http://localhost:3001/api/graphs/fGBsBLO2p4pT:0
[29703440ms] [ERROR] Failed to load resource: the server responded with a status of 401 (Unauthorized) @ http://localhost:3001/api/graphs/label/space?workspaceId=vMYUVNRCEHmu:0
[29703980ms] [ERROR] Failed to load resource: the server responded with a status of 401 (Unauthorized) @ http://localhost:3001/api/graphs/fGBsBLO2p4pT:0
[29708584ms] [WARNING] %c[Server]%c color: #9333ea; font-weight: bold; color: inherit; Warning: A notFoundError was encountered on the route with ID "__root__", but a notFoundComponent option was not configured, nor was a router level defaultNotFoundComponent configured. Consider configuring at least one of these to avoid TanStack Router's overly generic defaultNotFoundComponent (<p>Not Found</p>) @ http://localhost:3000/src/routes/__root.tsx:259
