[     254ms] [INFO] %cDownload the React DevTools for a better development experience: https://react.dev/link/react-devtools font-weight:bold @ http://localhost:3000/node_modules/.vite/deps/react-dom_client.js?v=b5b6ec5b:14335
[     260ms] [WARNING] [tanstack-router] These exports from "C:/Users/smartlink/myfiles/orion/src/routes/auth/login.tsx" will not be code-split and will increase your bundle size:
- AuthPage
For the best optimization, these items should either have their export statements removed, or be imported from another location that is not a route file. @ http://localhost:3000/src/routes/__root.tsx:193
[     515ms] [ERROR] Failed to load resource: the server responded with a status of 401 (Unauthorized) @ http://localhost:3001/api/auth/me:0
[     516ms] [ERROR] Failed to load resource: the server responded with a status of 401 (Unauthorized) @ http://localhost:3001/api/graphs/label/space?workspaceId=vMYUVNRCEHmu:0
[    1521ms] [ERROR] Failed to load resource: the server responded with a status of 401 (Unauthorized) @ http://localhost:3001/api/graphs/label/space?workspaceId=vMYUVNRCEHmu:0
[    3535ms] [ERROR] Failed to load resource: the server responded with a status of 401 (Unauthorized) @ http://localhost:3001/api/graphs/label/space?workspaceId=vMYUVNRCEHmu:0
[    7548ms] [ERROR] Failed to load resource: the server responded with a status of 401 (Unauthorized) @ http://localhost:3001/api/graphs/label/space?workspaceId=vMYUVNRCEHmu:0
[   18644ms] [LOG] %c[Server]%c color: #9333ea; font-weight: bold; color: inherit; 21.58.51 [vite] (client) hmr update /src/styles.css?direct, /src/features/workspace/components/listtasks/ListTasks.tsx @ http://localhost:3000/src/routes/__root.tsx:259
[   18644ms] [LOG] %c[Server]%c color: #9333ea; font-weight: bold; color: inherit; 21.58.51 [vite] (ssr) page reload src/features/workspace/components/listtasks/ListTasks.tsx @ http://localhost:3000/src/routes/__root.tsx:259
[   18644ms] [LOG] %c[Server]%c color: #9333ea; font-weight: bold; color: inherit; 21.58.51 [vite] (ssr) program reload @ http://localhost:3000/src/routes/__root.tsx:259
[   32005ms] [LOG] %c[Server]%c color: #9333ea; font-weight: bold; color: inherit; 21.59.04 [vite] (client) hmr update /src/styles.css?direct, /src/features/workspace/components/listtasks/ListTasks.tsx @ http://localhost:3000/src/routes/__root.tsx:259
[   32006ms] [LOG] %c[Server]%c color: #9333ea; font-weight: bold; color: inherit; 21.59.04 [vite] (ssr) page reload src/features/workspace/components/listtasks/ListTasks.tsx @ http://localhost:3000/src/routes/__root.tsx:259
[   45874ms] [LOG] %c[Server]%c color: #9333ea; font-weight: bold; color: inherit; 21.59.18 [vite] (client) hmr update /src/styles.css?direct, /src/features/workspace/components/listtasks/ListTasks.tsx @ http://localhost:3000/src/routes/__root.tsx:259
[   45875ms] [LOG] %c[Server]%c color: #9333ea; font-weight: bold; color: inherit; 21.59.18 [vite] (ssr) page reload src/features/workspace/components/listtasks/ListTasks.tsx @ http://localhost:3000/src/routes/__root.tsx:259
[   45875ms] [LOG] %c[Server]%c color: #9333ea; font-weight: bold; color: inherit; 21.59.18 [vite] (ssr) program reload @ http://localhost:3000/src/routes/__root.tsx:259
[   55232ms] [LOG] %c[Server]%c color: #9333ea; font-weight: bold; color: inherit; 21.59.28 [vite] (client) hmr update /src/styles.css?direct, /src/features/workspace/components/listtasks/ListTasks.tsx @ http://localhost:3000/src/routes/__root.tsx:259
[   55232ms] [LOG] %c[Server]%c color: #9333ea; font-weight: bold; color: inherit; 21.59.28 [vite] (ssr) page reload src/features/workspace/components/listtasks/ListTasks.tsx @ http://localhost:3000/src/routes/__root.tsx:259
[   63682ms] [LOG] %c[Server]%c color: #9333ea; font-weight: bold; color: inherit; 21.59.36 [vite] (client) hmr update /src/styles.css?direct, /src/features/workspace/components/listtasks/ListTasks.tsx @ http://localhost:3000/src/routes/__root.tsx:259
[   63682ms] [LOG] %c[Server]%c color: #9333ea; font-weight: bold; color: inherit; 21.59.36 [vite] (ssr) page reload src/features/workspace/components/listtasks/ListTasks.tsx @ http://localhost:3000/src/routes/__root.tsx:259
[  187452ms] [LOG] %c[Server]%c color: #9333ea; font-weight: bold; color: inherit; 22.01.40 [vite] (client) hmr update /src/styles.css?direct, /src/features/workspace/components/listtasks/ListTasks.tsx @ http://localhost:3000/src/routes/__root.tsx:259
[  187453ms] [LOG] %c[Server]%c color: #9333ea; font-weight: bold; color: inherit; 22.01.40 [vite] (ssr) page reload src/features/workspace/components/listtasks/ListTasks.tsx @ http://localhost:3000/src/routes/__root.tsx:259
[  198668ms] [LOG] %c[Server]%c color: #9333ea; font-weight: bold; color: inherit; 22.01.51 [vite] (client) hmr update /src/styles.css?direct, /src/features/workspace/components/listtasks/ListTasks.tsx @ http://localhost:3000/src/routes/__root.tsx:259
[  198668ms] [LOG] %c[Server]%c color: #9333ea; font-weight: bold; color: inherit; 22.01.51 [vite] (ssr) page reload src/features/workspace/components/listtasks/ListTasks.tsx @ http://localhost:3000/src/routes/__root.tsx:259
[  216433ms] [LOG] %c[Server]%c color: #9333ea; font-weight: bold; color: inherit; 22.02.09 [vite] (client) hmr update /src/styles.css?direct, /src/features/workspace/components/listtasks/ListTasks.tsx @ http://localhost:3000/src/routes/__root.tsx:259
[  216434ms] [LOG] %c[Server]%c color: #9333ea; font-weight: bold; color: inherit; 22.02.09 [vite] (ssr) page reload src/features/workspace/components/listtasks/ListTasks.tsx @ http://localhost:3000/src/routes/__root.tsx:259
[  225170ms] [LOG] %c[Server]%c color: #9333ea; font-weight: bold; color: inherit; 22.02.17 [vite] (client) hmr update /src/styles.css?direct, /src/features/workspace/components/listtasks/ListTasks.tsx @ http://localhost:3000/src/routes/__root.tsx:259
[  225170ms] [LOG] %c[Server]%c color: #9333ea; font-weight: bold; color: inherit; 22.02.17 [vite] (ssr) page reload src/features/workspace/components/listtasks/ListTasks.tsx @ http://localhost:3000/src/routes/__root.tsx:259
[  234302ms] [LOG] %c[Server]%c color: #9333ea; font-weight: bold; color: inherit; 22.02.27 [vite] (client) hmr update /src/styles.css?direct, /src/features/workspace/components/listtasks/ListTasks.tsx @ http://localhost:3000/src/routes/__root.tsx:259
[  234302ms] [LOG] %c[Server]%c color: #9333ea; font-weight: bold; color: inherit; 22.02.27 [vite] (ssr) page reload src/features/workspace/components/listtasks/ListTasks.tsx @ http://localhost:3000/src/routes/__root.tsx:259
