[     491ms] [INFO] %cDownload the React DevTools for a better development experience: https://react.dev/link/react-devtools font-weight:bold @ http://localhost:3000/node_modules/.vite/deps/react-dom_client.js?v=9b07a86f:14335
[     495ms] [WARNING] [tanstack-router] These exports from "C:/Users/smartlink/myfiles/orion/src/routes/login.tsx" will not be code-split and will increase your bundle size:
- AuthPage
For the best optimization, these items should either have their export statements removed, or be imported from another location that is not a route file. @ http://localhost:3000/src/routes/__root.tsx?t=1787993049507:193
[   35176ms] [LOG] %c[Server]%c color: #9333ea; font-weight: bold; color: inherit; 15.54.17 [vite] (client) hmr update /src/styles.css?direct, /src/components/fragment/Sidebar.tsx @ http://localhost:3000/src/routes/__root.tsx?t=1787993049507:259
[   35177ms] [LOG] %c[Server]%c color: #9333ea; font-weight: bold; color: inherit; 15.54.17 [vite] (ssr) page reload src/components/fragment/Sidebar.tsx @ http://localhost:3000/src/routes/__root.tsx?t=1787993049507:259
[   35177ms] [LOG] %c[Server]%c color: #9333ea; font-weight: bold; color: inherit; 15.54.17 [vite] (ssr) program reload @ http://localhost:3000/src/routes/__root.tsx?t=1787993049507:259
[   44321ms] [LOG] %c[Server]%c color: #9333ea; font-weight: bold; color: inherit; 15.54.26 [vite] (client) hmr update /src/styles.css?direct, /src/components/fragment/Sidebar.tsx @ http://localhost:3000/src/routes/__root.tsx?t=1787993049507:259
[   44321ms] [LOG] %c[Server]%c color: #9333ea; font-weight: bold; color: inherit; 15.54.26 [vite] (ssr) page reload src/components/fragment/Sidebar.tsx @ http://localhost:3000/src/routes/__root.tsx?t=1787993049507:259
[   90490ms] [LOG] %c[Server]%c color: #9333ea; font-weight: bold; color: inherit; 15.55.12 [vite] (client) hmr update /src/styles.css?direct, /src/components/fragment/Sidebar.tsx @ http://localhost:3000/src/routes/__root.tsx?t=1787993049507:259
[   90490ms] [LOG] %c[Server]%c color: #9333ea; font-weight: bold; color: inherit; 15.55.12 [vite] (ssr) page reload src/components/fragment/Sidebar.tsx @ http://localhost:3000/src/routes/__root.tsx?t=1787993049507:259
[   90490ms] [LOG] %c[Server]%c color: #9333ea; font-weight: bold; color: inherit; 15.55.12 [vite] (ssr) program reload @ http://localhost:3000/src/routes/__root.tsx?t=1787993049507:259
[  128239ms] [LOG] %c[Server]%c color: #9333ea; font-weight: bold; color: inherit; 15.55.50 [vite] (client) hmr update /src/styles.css?direct, /src/components/fragment/Sidebar.tsx @ http://localhost:3000/src/routes/__root.tsx?t=1787993049507:259
[  128239ms] [LOG] %c[Server]%c color: #9333ea; font-weight: bold; color: inherit; 15.55.50 [vite] (ssr) page reload src/components/fragment/Sidebar.tsx @ http://localhost:3000/src/routes/__root.tsx?t=1787993049507:259
[  151247ms] [LOG] %c[Server]%c color: #9333ea; font-weight: bold; color: inherit; 15.56.13 [vite] (client) hmr update /src/styles.css?direct, /src/components/fragment/Sidebar.tsx @ http://localhost:3000/src/routes/__root.tsx?t=1787993049507:259
[  151247ms] [LOG] %c[Server]%c color: #9333ea; font-weight: bold; color: inherit; 15.56.13 [vite] (ssr) page reload src/components/fragment/Sidebar.tsx @ http://localhost:3000/src/routes/__root.tsx?t=1787993049507:259
[  182122ms] [LOG] %c[Server]%c color: #9333ea; font-weight: bold; color: inherit; 15.56.44 [vite] (client) hmr update /src/styles.css?direct, /src/components/fragment/Sidebar.tsx @ http://localhost:3000/src/routes/__root.tsx?t=1787993049507:259
[  182122ms] [LOG] %c[Server]%c color: #9333ea; font-weight: bold; color: inherit; 15.56.44 [vite] (ssr) page reload src/components/fragment/Sidebar.tsx @ http://localhost:3000/src/routes/__root.tsx?t=1787993049507:259
[  194170ms] [LOG] %c[Server]%c color: #9333ea; font-weight: bold; color: inherit; 15.56.56 [vite] (client) hmr update /src/styles.css?direct, /src/components/fragment/Sidebar.tsx @ http://localhost:3000/src/routes/__root.tsx?t=1787993049507:259
[  194170ms] [LOG] %c[Server]%c color: #9333ea; font-weight: bold; color: inherit; 15.56.56 [vite] (ssr) page reload src/components/fragment/Sidebar.tsx @ http://localhost:3000/src/routes/__root.tsx?t=1787993049507:259
[  278454ms] [LOG] %c[Server]%c color: #9333ea; font-weight: bold; color: inherit; 15.58.20 [vite] (client) hmr update /src/styles.css?direct, /src/components/fragment/Sidebar.tsx @ http://localhost:3000/src/routes/__root.tsx?t=1787993049507:259
[  278454ms] [LOG] %c[Server]%c color: #9333ea; font-weight: bold; color: inherit; 15.58.20 [vite] (ssr) page reload src/components/fragment/Sidebar.tsx @ http://localhost:3000/src/routes/__root.tsx?t=1787993049507:259
[  278454ms] [LOG] %c[Server]%c color: #9333ea; font-weight: bold; color: inherit; 15.58.20 [vite] (ssr) program reload @ http://localhost:3000/src/routes/__root.tsx?t=1787993049507:259
[  289915ms] [LOG] %c[Server]%c color: #9333ea; font-weight: bold; color: inherit; 15.58.32 [vite] (client) hmr update /src/styles.css?direct, /src/components/layout/AppLayout.tsx @ http://localhost:3000/src/routes/__root.tsx?t=1787993049507:259
[  289915ms] [LOG] %c[Server]%c color: #9333ea; font-weight: bold; color: inherit; 15.58.32 [vite] (ssr) page reload src/components/layout/AppLayout.tsx @ http://localhost:3000/src/routes/__root.tsx?t=1787993049507:259
[  303448ms] [LOG] %c[Server]%c color: #9333ea; font-weight: bold; color: inherit; 15.58.45 [vite] (client) hmr update /src/styles.css?direct, /src/components/fragment/Sidebar.tsx @ http://localhost:3000/src/routes/__root.tsx?t=1787993049507:259
[  303449ms] [LOG] %c[Server]%c color: #9333ea; font-weight: bold; color: inherit; 15.58.45 [vite] (ssr) page reload src/components/fragment/Sidebar.tsx @ http://localhost:3000/src/routes/__root.tsx?t=1787993049507:259
[  351207ms] [LOG] %c[Server]%c color: #9333ea; font-weight: bold; color: inherit; 15.59.33 [vite] (client) hmr update /src/styles.css?direct, /src/components/layout/AppLayout.tsx @ http://localhost:3000/src/routes/__root.tsx?t=1787993049507:259
[  351207ms] [LOG] %c[Server]%c color: #9333ea; font-weight: bold; color: inherit; 15.59.33 [vite] (ssr) page reload src/components/layout/AppLayout.tsx @ http://localhost:3000/src/routes/__root.tsx?t=1787993049507:259
[  351207ms] [LOG] %c[Server]%c color: #9333ea; font-weight: bold; color: inherit; 15.59.33 [vite] (ssr) program reload @ http://localhost:3000/src/routes/__root.tsx?t=1787993049507:259
[  414103ms] [LOG] %c[Server]%c color: #9333ea; font-weight: bold; color: inherit; 16.00.36 [vite] (client) hmr update /src/styles.css?direct, /src/components/layout/AppLayout.tsx @ http://localhost:3000/src/routes/__root.tsx?t=1787993049507:259
[  414103ms] [LOG] %c[Server]%c color: #9333ea; font-weight: bold; color: inherit; 16.00.36 [vite] (ssr) page reload src/components/layout/AppLayout.tsx @ http://localhost:3000/src/routes/__root.tsx?t=1787993049507:259
[  414103ms] [LOG] %c[Server]%c color: #9333ea; font-weight: bold; color: inherit; 16.00.36 [vite] (ssr) program reload @ http://localhost:3000/src/routes/__root.tsx?t=1787993049507:259
