[     205ms] [INFO] %cDownload the React DevTools for a better development experience: https://react.dev/link/react-devtools font-weight:bold @ http://localhost:3000/node_modules/.vite/deps/react-dom_client.js?v=9b07a86f:14335
[     208ms] [WARNING] [tanstack-router] These exports from "C:/Users/smartlink/myfiles/orion/src/routes/login.tsx" will not be code-split and will increase your bundle size:
- AuthPage
For the best optimization, these items should either have their export statements removed, or be imported from another location that is not a route file. @ http://localhost:3000/src/routes/__root.tsx:193
[  228023ms] [LOG] %c[Server]%c color: #9333ea; font-weight: bold; color: inherit; @ http://localhost:3000/src/routes/__root.tsx:259
[  228023ms] [LOG] %c[Server]%c color: #9333ea; font-weight: bold; color: inherit; 01.01.01 [vite] (client) hmr update /src/styles.css?direct, /src/components/ui/Button.tsx @ http://localhost:3000/src/routes/__root.tsx:259
[  228023ms] [LOG] %c[Server]%c color: #9333ea; font-weight: bold; color: inherit; @ http://localhost:3000/src/routes/__root.tsx:259
[  228023ms] [LOG] %c[Server]%c color: #9333ea; font-weight: bold; color: inherit; 01.01.01 [vite] (ssr) page reload src/components/ui/Button.tsx @ http://localhost:3000/src/routes/__root.tsx:259
[  228023ms] [LOG] %c[Server]%c color: #9333ea; font-weight: bold; color: inherit; 01.01.01 [vite] (ssr) program reload @ http://localhost:3000/src/routes/__root.tsx:259
[  284791ms] [LOG] %c[Server]%c color: #9333ea; font-weight: bold; color: inherit; @ http://localhost:3000/src/routes/__root.tsx:259
[  284791ms] [LOG] %c[Server]%c color: #9333ea; font-weight: bold; color: inherit; 01.01.58 [vite] (client) hmr update /src/styles.css?direct, /src/components/fragment/Sidebar.tsx @ http://localhost:3000/src/routes/__root.tsx:259
[  284791ms] [LOG] %c[Server]%c color: #9333ea; font-weight: bold; color: inherit; @ http://localhost:3000/src/routes/__root.tsx:259
[  284791ms] [LOG] %c[Server]%c color: #9333ea; font-weight: bold; color: inherit; 01.01.58 [vite] (ssr) page reload src/components/fragment/Sidebar.tsx @ http://localhost:3000/src/routes/__root.tsx:259
[  284791ms] [LOG] %c[Server]%c color: #9333ea; font-weight: bold; color: inherit; 01.01.58 [vite] (ssr) program reload @ http://localhost:3000/src/routes/__root.tsx:259
[  356565ms] [LOG] %c[Server]%c color: #9333ea; font-weight: bold; color: inherit; @ http://localhost:3000/src/routes/__root.tsx:259
[  356565ms] [LOG] %c[Server]%c color: #9333ea; font-weight: bold; color: inherit; 01.03.10 [vite] (client) hmr update /src/styles.css?direct, /src/components/ui/Search.tsx @ http://localhost:3000/src/routes/__root.tsx:259
[  356565ms] [LOG] %c[Server]%c color: #9333ea; font-weight: bold; color: inherit; @ http://localhost:3000/src/routes/__root.tsx:259
[  356565ms] [LOG] %c[Server]%c color: #9333ea; font-weight: bold; color: inherit; 01.03.10 [vite] (ssr) page reload src/components/ui/Search.tsx @ http://localhost:3000/src/routes/__root.tsx:259
[  356565ms] [LOG] %c[Server]%c color: #9333ea; font-weight: bold; color: inherit; 01.03.10 [vite] (ssr) program reload @ http://localhost:3000/src/routes/__root.tsx:259
[  361332ms] [LOG] %c[Server]%c color: #9333ea; font-weight: bold; color: inherit; @ http://localhost:3000/src/routes/__root.tsx:259
[  361332ms] [LOG] %c[Server]%c color: #9333ea; font-weight: bold; color: inherit; 01.03.15 [vite] (client) hmr update /src/styles.css?direct, /src/components/ui/Search.tsx @ http://localhost:3000/src/routes/__root.tsx:259
[  361332ms] [LOG] %c[Server]%c color: #9333ea; font-weight: bold; color: inherit; @ http://localhost:3000/src/routes/__root.tsx:259
[  361332ms] [LOG] %c[Server]%c color: #9333ea; font-weight: bold; color: inherit; 01.03.15 [vite] (ssr) page reload src/components/ui/Search.tsx @ http://localhost:3000/src/routes/__root.tsx:259
[  395521ms] [LOG] %c[Server]%c color: #9333ea; font-weight: bold; color: inherit; @ http://localhost:3000/src/routes/__root.tsx:259
[  395522ms] [LOG] %c[Server]%c color: #9333ea; font-weight: bold; color: inherit; 01.03.49 [vite] (client) hmr update /src/styles.css?direct, /src/components/ui/Search.tsx @ http://localhost:3000/src/routes/__root.tsx:259
[  395522ms] [LOG] %c[Server]%c color: #9333ea; font-weight: bold; color: inherit; @ http://localhost:3000/src/routes/__root.tsx:259
[  395522ms] [LOG] %c[Server]%c color: #9333ea; font-weight: bold; color: inherit; 01.03.49 [vite] (ssr) page reload src/components/ui/Search.tsx @ http://localhost:3000/src/routes/__root.tsx:259
[  400898ms] [LOG] %c[Server]%c color: #9333ea; font-weight: bold; color: inherit; @ http://localhost:3000/src/routes/__root.tsx:259
[  400898ms] [LOG] %c[Server]%c color: #9333ea; font-weight: bold; color: inherit; 01.03.54 [vite] (client) hmr update /src/styles.css?direct, /src/components/ui/Search.tsx @ http://localhost:3000/src/routes/__root.tsx:259
[  400898ms] [LOG] %c[Server]%c color: #9333ea; font-weight: bold; color: inherit; @ http://localhost:3000/src/routes/__root.tsx:259
[  400898ms] [LOG] %c[Server]%c color: #9333ea; font-weight: bold; color: inherit; 01.03.54 [vite] (ssr) page reload src/components/ui/Search.tsx @ http://localhost:3000/src/routes/__root.tsx:259
[  431483ms] [LOG] %c[Server]%c color: #9333ea; font-weight: bold; color: inherit; @ http://localhost:3000/src/routes/__root.tsx:259
[  431483ms] [LOG] %c[Server]%c color: #9333ea; font-weight: bold; color: inherit; 01.04.25 [vite] (client) hmr update /src/styles.css?direct, /src/components/ui/Search.tsx @ http://localhost:3000/src/routes/__root.tsx:259
[  431483ms] [LOG] %c[Server]%c color: #9333ea; font-weight: bold; color: inherit; @ http://localhost:3000/src/routes/__root.tsx:259
[  431483ms] [LOG] %c[Server]%c color: #9333ea; font-weight: bold; color: inherit; 01.04.25 [vite] (ssr) page reload src/components/ui/Search.tsx @ http://localhost:3000/src/routes/__root.tsx:259
[ 1012578ms] [LOG] [vite] server connection lost. Polling for restart... @ http://localhost:3000/src/routes/__root.tsx:193
[ 4939459ms] [ERROR] Failed to load resource: net::ERR_NETWORK_IO_SUSPENDED @ http://localhost:3000/__tsd/console-pipe/sse:0
[ 4939520ms] [ERROR] Failed to load resource: net::ERR_NETWORK_IO_SUSPENDED @ http://localhost:3000/__tsd/console-pipe:0
[ 4942213ms] [INFO] %cDownload the React DevTools for a better development experience: https://react.dev/link/react-devtools font-weight:bold @ http://localhost:3000/node_modules/.vite/deps/react-dom_client.js?v=9b07a86f:14335
[ 4942222ms] [WARNING] [tanstack-router] These exports from "C:/Users/smartlink/myfiles/orion/src/routes/login.tsx" will not be code-split and will increase your bundle size:
- AuthPage
For the best optimization, these items should either have their export statements removed, or be imported from another location that is not a route file. @ http://localhost:3000/src/routes/__root.tsx:193
[ 7578594ms] [LOG] [vite] server connection lost. Polling for restart... @ http://localhost:3000/src/routes/__root.tsx:193
[ 7578676ms] [ERROR] Failed to load resource: net::ERR_NETWORK_IO_SUSPENDED @ http://localhost:3000/__tsd/console-pipe/sse:0
[17727178ms] [INFO] %cDownload the React DevTools for a better development experience: https://react.dev/link/react-devtools font-weight:bold @ http://localhost:3000/node_modules/.vite/deps/react-dom_client.js?v=9b07a86f:14335
[17727191ms] [WARNING] [tanstack-router] These exports from "C:/Users/smartlink/myfiles/orion/src/routes/login.tsx" will not be code-split and will increase your bundle size:
- AuthPage
For the best optimization, these items should either have their export statements removed, or be imported from another location that is not a route file. @ http://localhost:3000/src/routes/__root.tsx:193
[21388964ms] [LOG] [vite] server connection lost. Polling for restart... @ http://localhost:3000/src/routes/__root.tsx:193
[21389349ms] [ERROR] Failed to load resource: net::ERR_NETWORK_IO_SUSPENDED @ http://localhost:3000/__tsd/console-pipe/sse:0
[21390793ms] [INFO] %cDownload the React DevTools for a better development experience: https://react.dev/link/react-devtools font-weight:bold @ http://localhost:3000/node_modules/.vite/deps/react-dom_client.js?v=9b07a86f:14335
[21390797ms] [WARNING] [tanstack-router] These exports from "C:/Users/smartlink/myfiles/orion/src/routes/login.tsx" will not be code-split and will increase your bundle size:
- AuthPage
For the best optimization, these items should either have their export statements removed, or be imported from another location that is not a route file. @ http://localhost:3000/src/routes/__root.tsx:193
[22125240ms] [LOG] [vite] server connection lost. Polling for restart... @ http://localhost:3000/src/routes/__root.tsx:193
[22125257ms] [ERROR] Failed to load resource: net::ERR_NETWORK_IO_SUSPENDED @ http://localhost:3000/__tsd/console-pipe/sse:0
[22128887ms] [INFO] %cDownload the React DevTools for a better development experience: https://react.dev/link/react-devtools font-weight:bold @ http://localhost:3000/node_modules/.vite/deps/react-dom_client.js?v=9b07a86f:14335
[22128896ms] [WARNING] [tanstack-router] These exports from "C:/Users/smartlink/myfiles/orion/src/routes/login.tsx" will not be code-split and will increase your bundle size:
- AuthPage
For the best optimization, these items should either have their export statements removed, or be imported from another location that is not a route file. @ http://localhost:3000/src/routes/__root.tsx:193
[22329476ms] [LOG] [vite] server connection lost. Polling for restart... @ http://localhost:3000/src/routes/__root.tsx:193
[22511424ms] [ERROR] Failed to load resource: net::ERR_NETWORK_IO_SUSPENDED @ http://localhost:3000/__tsd/console-pipe/sse:0
[22512205ms] [INFO] %cDownload the React DevTools for a better development experience: https://react.dev/link/react-devtools font-weight:bold @ http://localhost:3000/node_modules/.vite/deps/react-dom_client.js?v=9b07a86f:14335
[22512211ms] [WARNING] [tanstack-router] These exports from "C:/Users/smartlink/myfiles/orion/src/routes/login.tsx" will not be code-split and will increase your bundle size:
- AuthPage
For the best optimization, these items should either have their export statements removed, or be imported from another location that is not a route file. @ http://localhost:3000/src/routes/__root.tsx:193
[22516401ms] [LOG] [vite] server connection lost. Polling for restart... @ http://localhost:3000/src/routes/__root.tsx:193
[22516403ms] [ERROR] Failed to load resource: net::ERR_NETWORK_IO_SUSPENDED @ http://localhost:3000/__tsd/console-pipe/sse:0
[26714411ms] [ERROR] Failed to load resource: net::ERR_NETWORK_IO_SUSPENDED @ http://localhost:3000/__tsd/console-pipe:0
[26714411ms] [ERROR] Failed to load resource: net::ERR_NETWORK_IO_SUSPENDED @ http://localhost:3000/__tsd/console-pipe/sse:0
[35006807ms] [INFO] %cDownload the React DevTools for a better development experience: https://react.dev/link/react-devtools font-weight:bold @ http://localhost:3000/node_modules/.vite/deps/react-dom_client.js?v=9b07a86f:14335
[35006816ms] [WARNING] [tanstack-router] These exports from "C:/Users/smartlink/myfiles/orion/src/routes/login.tsx" will not be code-split and will increase your bundle size:
- AuthPage
For the best optimization, these items should either have their export statements removed, or be imported from another location that is not a route file. @ http://localhost:3000/src/routes/__root.tsx:193
