[    8031ms] [ERROR] Failed to load resource: the server responded with a status of 404 () @ http://localhost:3000/favicon.ico:0
[    8215ms] [INFO] %cDownload the React DevTools for a better development experience: https://react.dev/link/react-devtools font-weight:bold @ http://localhost:3000/node_modules/.vite/deps/react-dom_client.js?v=a1c78a21:14335
[    8221ms] [WARNING] [tanstack-router] These exports from "C:/Users/smartlink/myfiles/orion/src/routes/auth/login.tsx" will not be code-split and will increase your bundle size:
- AuthPage
For the best optimization, these items should either have their export statements removed, or be imported from another location that is not a route file. @ http://localhost:3000/src/routes/__root.tsx:193
[    8382ms] [WARNING] %c[Server]%c color: #9333ea; font-weight: bold; color: inherit; [Client] [tanstack-router] These exports from "C:/Users/smartlink/myfiles/orion/src/routes/auth/login.tsx" will not be code-split and will increase your bundle size:
- AuthPage
For the best optimization, these items should either have their export statements removed, or be imported from another location that is not a route file. @ http://localhost:3000/src/routes/__root.tsx:259
[   33864ms] [LOG] %c[Server]%c color: #9333ea; font-weight: bold; color: inherit; @ http://localhost:3000/src/routes/__root.tsx:259
[   33865ms] [LOG] %c[Server]%c color: #9333ea; font-weight: bold; color: inherit; 18.28.08 [vite] (client) hmr update /src/styles.css?direct, /src/routes/index.tsx @ http://localhost:3000/src/routes/__root.tsx:259
[   33865ms] [LOG] %c[Server]%c color: #9333ea; font-weight: bold; color: inherit; @ http://localhost:3000/src/routes/__root.tsx:259
[   33865ms] [LOG] %c[Server]%c color: #9333ea; font-weight: bold; color: inherit; 18.28.08 [vite] (ssr) page reload src/features/auth/middleware/authMiddleware.ts @ http://localhost:3000/src/routes/__root.tsx:259
[   33865ms] [LOG] %c[Server]%c color: #9333ea; font-weight: bold; color: inherit; 18.28.08 [vite] (ssr) program reload @ http://localhost:3000/src/routes/__root.tsx:259
[   33985ms] [LOG] %c[Server]%c color: #9333ea; font-weight: bold; color: inherit; @ http://localhost:3000/src/routes/__root.tsx:259
[   33985ms] [LOG] %c[Server]%c color: #9333ea; font-weight: bold; color: inherit; 18.28.08 [vite] (client) hmr update /src/styles.css?direct, /src/routes/index.tsx, /src/routes/index.tsx?tsr-split=component @ http://localhost:3000/src/routes/__root.tsx:259
[   33986ms] [LOG] %c[Server]%c color: #9333ea; font-weight: bold; color: inherit; @ http://localhost:3000/src/routes/__root.tsx:259
[   33986ms] [LOG] %c[Server]%c color: #9333ea; font-weight: bold; color: inherit; 18.28.08 [vite] (ssr) page reload src/routes/index.tsx @ http://localhost:3000/src/routes/__root.tsx:259
[   34055ms] [VERBOSE] [DOM] Input elements should have autocomplete attributes (suggested: "current-password"): (More info: https://goo.gl/9p2vKq) %o @ http://localhost:3000/auth/login:0
[   42026ms] [INFO] %cDownload the React DevTools for a better development experience: https://react.dev/link/react-devtools font-weight:bold @ http://localhost:3000/node_modules/.vite/deps/react-dom_client.js?v=a1c78a21:14335
[   42028ms] [WARNING] [tanstack-router] These exports from "C:/Users/smartlink/myfiles/orion/src/routes/auth/login.tsx" will not be code-split and will increase your bundle size:
- AuthPage
For the best optimization, these items should either have their export statements removed, or be imported from another location that is not a route file. @ http://localhost:3000/src/routes/__root.tsx:193
[   42175ms] [VERBOSE] [DOM] Input elements should have autocomplete attributes (suggested: "current-password"): (More info: https://goo.gl/9p2vKq) %o @ http://localhost:3000/auth/login:0
[   42289ms] [WARNING] %c[Server]%c color: #9333ea; font-weight: bold; color: inherit; [Client] [tanstack-router] These exports from "C:/Users/smartlink/myfiles/orion/src/routes/auth/login.tsx" will not be code-split and will increase your bundle size:
- AuthPage
For the best optimization, these items should either have their export statements removed, or be imported from another location that is not a route file. @ http://localhost:3000/src/routes/__root.tsx:259
[   55568ms] [LOG] %c[Server]%c color: #9333ea; font-weight: bold; color: inherit; @ http://localhost:3000/src/routes/__root.tsx:259
[   55568ms] [LOG] %c[Server]%c color: #9333ea; font-weight: bold; color: inherit; 18.28.29 [vite] (client) hmr update /src/styles.css?direct, /src/routes/index.tsx, /src/routes/index.tsx?tsr-split=component @ http://localhost:3000/src/routes/__root.tsx:259
[   55568ms] [LOG] %c[Server]%c color: #9333ea; font-weight: bold; color: inherit; @ http://localhost:3000/src/routes/__root.tsx:259
[   55569ms] [LOG] %c[Server]%c color: #9333ea; font-weight: bold; color: inherit; 18.28.29 [vite] (ssr) page reload src/routes/index.tsx @ http://localhost:3000/src/routes/__root.tsx:259
[   55569ms] [LOG] %c[Server]%c color: #9333ea; font-weight: bold; color: inherit; 18.28.29 [vite] (ssr) program reload @ http://localhost:3000/src/routes/__root.tsx:259
[   55618ms] [LOG] %c[Server]%c color: #9333ea; font-weight: bold; color: inherit; @ http://localhost:3000/src/routes/__root.tsx:259
[   55618ms] [LOG] %c[Server]%c color: #9333ea; font-weight: bold; color: inherit; 18.28.29 [vite] (client) hmr update /src/styles.css?direct, /src/routes/index.tsx, /src/routes/index.tsx?tsr-split=component @ http://localhost:3000/src/routes/__root.tsx:259
[   55618ms] [LOG] %c[Server]%c color: #9333ea; font-weight: bold; color: inherit; @ http://localhost:3000/src/routes/__root.tsx:259
[   55618ms] [LOG] %c[Server]%c color: #9333ea; font-weight: bold; color: inherit; 18.28.29 [vite] (ssr) page reload src/features/auth/middleware/authMiddleware.ts @ http://localhost:3000/src/routes/__root.tsx:259
