[     215ms] [INFO] %cDownload the React DevTools for a better development experience: https://react.dev/link/react-devtools font-weight:bold @ http://localhost:3000/node_modules/.vite/deps/react-dom_client.js?v=b5b6ec5b:14335
[     221ms] [WARNING] [tanstack-router] These exports from "C:/Users/smartlink/myfiles/orion/src/routes/auth/login.tsx" will not be code-split and will increase your bundle size:
- AuthPage
For the best optimization, these items should either have their export statements removed, or be imported from another location that is not a route file. @ http://localhost:3000/src/routes/__root.tsx:193
[     304ms] [ERROR] Failed to load resource: the server responded with a status of 401 (Unauthorized) @ http://localhost:3001/api/auth/me:0
[     306ms] [ERROR] Failed to load resource: the server responded with a status of 401 (Unauthorized) @ http://localhost:3001/api/graphs/label/space?workspaceId=vMYUVNRCEHmu:0
[    1326ms] [ERROR] Failed to load resource: the server responded with a status of 401 (Unauthorized) @ http://localhost:3001/api/graphs/label/space?workspaceId=vMYUVNRCEHmu:0
[    3346ms] [ERROR] Failed to load resource: the server responded with a status of 401 (Unauthorized) @ http://localhost:3001/api/graphs/label/space?workspaceId=vMYUVNRCEHmu:0
[    7363ms] [ERROR] Failed to load resource: the server responded with a status of 401 (Unauthorized) @ http://localhost:3001/api/graphs/label/space?workspaceId=vMYUVNRCEHmu:0
[   74020ms] [WARNING] %c[Server]%c color: #9333ea; font-weight: bold; color: inherit; Warning: A notFoundError was encountered on the route with ID "__root__", but a notFoundComponent option was not configured, nor was a router level defaultNotFoundComponent configured. Consider configuring at least one of these to avoid TanStack Router's overly generic defaultNotFoundComponent (<p>Not Found</p>) @ http://localhost:3000/src/routes/__root.tsx:259
[  206572ms] [LOG] %c[Server]%c color: #9333ea; font-weight: bold; color: inherit; 21.56.49 [vite] (client) hmr update /src/styles.css?direct, /src/routes/workspace/$id.tsx, /src/routes/workspace/$id.tsx?tsr-split=component @ http://localhost:3000/src/routes/__root.tsx:259
[  206572ms] [LOG] %c[Server]%c color: #9333ea; font-weight: bold; color: inherit; 21.56.49 [vite] (ssr) page reload src/routes/workspace/$id.tsx @ http://localhost:3000/src/routes/__root.tsx:259
[  206572ms] [LOG] %c[Server]%c color: #9333ea; font-weight: bold; color: inherit; 21.56.49 [vite] (ssr) program reload @ http://localhost:3000/src/routes/__root.tsx:259
[  206687ms] [ERROR] Failed to load resource: the server responded with a status of 401 (Unauthorized) @ http://localhost:3001/api/graphs/label/space?workspaceId=vMYUVNRCEHmu:0
[  207700ms] [ERROR] Failed to load resource: the server responded with a status of 401 (Unauthorized) @ http://localhost:3001/api/graphs/label/space?workspaceId=vMYUVNRCEHmu:0
[  209714ms] [ERROR] Failed to load resource: the server responded with a status of 401 (Unauthorized) @ http://localhost:3001/api/graphs/label/space?workspaceId=vMYUVNRCEHmu:0
[  212561ms] [LOG] %c[Server]%c color: #9333ea; font-weight: bold; color: inherit; 21.56.55 [vite] (client) hmr update /src/styles.css?direct, /src/routes/workspace/$id.tsx, /src/routes/workspace/$id.tsx?tsr-split=component @ http://localhost:3000/src/routes/__root.tsx:259
[  212562ms] [LOG] %c[Server]%c color: #9333ea; font-weight: bold; color: inherit; 21.56.55 [vite] (ssr) page reload src/routes/workspace/$id.tsx @ http://localhost:3000/src/routes/__root.tsx:259
[  212665ms] [ERROR] Failed to load resource: the server responded with a status of 401 (Unauthorized) @ http://localhost:3001/api/auth/me:0
[  213722ms] [ERROR] Failed to load resource: the server responded with a status of 401 (Unauthorized) @ http://localhost:3001/api/graphs/label/space?workspaceId=vMYUVNRCEHmu:0
[  219307ms] [LOG] %c[Server]%c color: #9333ea; font-weight: bold; color: inherit; 21.57.02 [vite] (client) hmr update /src/styles.css?direct, /src/routes/workspace/$id.tsx, /src/routes/workspace/$id.tsx?tsr-split=component @ http://localhost:3000/src/routes/__root.tsx:259
[  219307ms] [LOG] %c[Server]%c color: #9333ea; font-weight: bold; color: inherit; 21.57.02 [vite] (ssr) page reload src/routes/workspace/$id.tsx @ http://localhost:3000/src/routes/__root.tsx:259
[  219551ms] [ERROR] Failed to load resource: the server responded with a status of 401 (Unauthorized) @ http://localhost:3001/api/auth/me:0
[  219552ms] [ERROR] Failed to load resource: the server responded with a status of 401 (Unauthorized) @ http://localhost:3001/api/graphs/label/space?workspaceId=vMYUVNRCEHmu:0
[  219553ms] [ERROR] Failed to load resource: the server responded with a status of 401 (Unauthorized) @ http://localhost:3001/api/auth/me:0
[  219987ms] [INFO] %cDownload the React DevTools for a better development experience: https://react.dev/link/react-devtools font-weight:bold @ http://localhost:3000/node_modules/.vite/deps/react-dom_client.js?v=b5b6ec5b:14335
[  220004ms] [WARNING] [tanstack-router] These exports from "C:/Users/smartlink/myfiles/orion/src/routes/auth/login.tsx" will not be code-split and will increase your bundle size:
- AuthPage
For the best optimization, these items should either have their export statements removed, or be imported from another location that is not a route file. @ http://localhost:3000/src/routes/__root.tsx:193
[  220084ms] [ERROR] Failed to load resource: the server responded with a status of 401 (Unauthorized) @ http://localhost:3001/api/auth/me:0
[  220085ms] [ERROR] Failed to load resource: the server responded with a status of 401 (Unauthorized) @ http://localhost:3001/api/graphs/label/space?workspaceId=vMYUVNRCEHmu:0
[  220147ms] [ERROR] Failed to load resource: the server responded with a status of 401 (Unauthorized) @ http://localhost:3001/api/auth/me:0
[  220147ms] [ERROR] Failed to load resource: the server responded with a status of 401 (Unauthorized) @ http://localhost:3001/api/auth/me:0
[  221104ms] [ERROR] Failed to load resource: the server responded with a status of 401 (Unauthorized) @ http://localhost:3001/api/graphs/label/space?workspaceId=vMYUVNRCEHmu:0
[  223115ms] [ERROR] Failed to load resource: the server responded with a status of 401 (Unauthorized) @ http://localhost:3001/api/graphs/label/space?workspaceId=vMYUVNRCEHmu:0
[  227126ms] [ERROR] Failed to load resource: the server responded with a status of 401 (Unauthorized) @ http://localhost:3001/api/graphs/label/space?workspaceId=vMYUVNRCEHmu:0
[  233120ms] [LOG] %c[Server]%c color: #9333ea; font-weight: bold; color: inherit; 21.57.16 [vite] (client) page reload src/routeTree.gen.ts @ http://localhost:3000/src/routes/__root.tsx:259
[  233120ms] [LOG] %c[Server]%c color: #9333ea; font-weight: bold; color: inherit; 21.57.16 [vite] (ssr) page reload src/routeTree.gen.ts @ http://localhost:3000/src/routes/__root.tsx:259
[  233120ms] [LOG] %c[Server]%c color: #9333ea; font-weight: bold; color: inherit; 21.57.16 [vite] (ssr) program reload @ http://localhost:3000/src/routes/__root.tsx:259
[  233748ms] [INFO] %cDownload the React DevTools for a better development experience: https://react.dev/link/react-devtools font-weight:bold @ http://localhost:3000/node_modules/.vite/deps/react-dom_client.js?v=b5b6ec5b:14335
[  233755ms] [WARNING] [tanstack-router] These exports from "C:/Users/smartlink/myfiles/orion/src/routes/auth/login.tsx" will not be code-split and will increase your bundle size:
- AuthPage
For the best optimization, these items should either have their export statements removed, or be imported from another location that is not a route file. @ http://localhost:3000/src/routes/__root.tsx:193
[  234062ms] [ERROR] Failed to load resource: the server responded with a status of 401 (Unauthorized) @ http://localhost:3001/api/auth/me:0
[  234064ms] [ERROR] Failed to load resource: the server responded with a status of 401 (Unauthorized) @ http://localhost:3001/api/graphs/label/space?workspaceId=vMYUVNRCEHmu:0
[  234151ms] [ERROR] Failed to load resource: the server responded with a status of 401 (Unauthorized) @ http://localhost:3001/api/auth/me:0
[  234154ms] [ERROR] Failed to load resource: the server responded with a status of 401 (Unauthorized) @ http://localhost:3001/api/auth/me:0
[  235071ms] [ERROR] Failed to load resource: the server responded with a status of 401 (Unauthorized) @ http://localhost:3001/api/graphs/label/space?workspaceId=vMYUVNRCEHmu:0
[  237081ms] [ERROR] Failed to load resource: the server responded with a status of 401 (Unauthorized) @ http://localhost:3001/api/graphs/label/space?workspaceId=vMYUVNRCEHmu:0
[  240227ms] [LOG] %c[Server]%c color: #9333ea; font-weight: bold; color: inherit; 21.57.23 [vite] (client) hmr update /src/styles.css?direct, /src/routes/workspace/$id/s/l/$listid.tsx, /src/routes/workspace/$id/s/l/$listid.tsx?tsr-split=component @ http://localhost:3000/src/routes/__root.tsx:259
[  240227ms] [LOG] %c[Server]%c color: #9333ea; font-weight: bold; color: inherit; 21.57.23 [vite] (ssr) page reload src/routes/workspace/$id/s/l/$listid.tsx @ http://localhost:3000/src/routes/__root.tsx:259
[  240227ms] [LOG] %c[Server]%c color: #9333ea; font-weight: bold; color: inherit; 21.57.23 [vite] (ssr) program reload @ http://localhost:3000/src/routes/__root.tsx:259
[  240419ms] [ERROR] %o

%s

%s
 ReferenceError: AppLayout is not defined
    at ListTasksPage (http://localhost:3000/src/routes/workspace/$id/s/l/$listid.tsx?t=1789052243344&tsr-split=component:34:33)
    at Object.react_stack_bottom_frame (http://localhost:3000/node_modules/.vite/deps/react-dom_client.js?v=b5b6ec5b:12866:12)
    at renderWithHooks (http://localhost:3000/node_modules/.vite/deps/react-dom_client.js?v=b5b6ec5b:4213:19)
    at updateFunctionComponent (http://localhost:3000/node_modules/.vite/deps/react-dom_client.js?v=b5b6ec5b:5569:16)
    at beginWork (http://localhost:3000/node_modules/.vite/deps/react-dom_client.js?v=b5b6ec5b:6140:20)
    at runWithFiberInDEV (http://localhost:3000/node_modules/.vite/deps/react-dom_client.js?v=b5b6ec5b:851:66)
    at performUnitOfWork (http://localhost:3000/node_modules/.vite/deps/react-dom_client.js?v=b5b6ec5b:8429:92)
    at workLoopSync (http://localhost:3000/node_modules/.vite/deps/react-dom_client.js?v=b5b6ec5b:8325:37)
    at renderRootSync (http://localhost:3000/node_modules/.vite/deps/react-dom_client.js?v=b5b6ec5b:8309:6)
    at performWorkOnRoot (http://localhost:3000/node_modules/.vite/deps/react-dom_client.js?v=b5b6ec5b:7994:27) The above error occurred in the <ListTasksPage> component. React will try to recreate this component tree from scratch using the error boundary you provided, CatchBoundary. @ http://localhost:3000/src/routes/__root.tsx:193
[  240420ms] [WARNING] Warning: The following error wasn't caught by any route! At the very least, consider setting an 'errorComponent' in your RootRoute! @ http://localhost:3000/src/routes/__root.tsx:193
[  240420ms] [WARNING] Warning: AppLayout is not defined @ http://localhost:3000/src/routes/__root.tsx:193
[  242379ms] [INFO] %cDownload the React DevTools for a better development experience: https://react.dev/link/react-devtools font-weight:bold @ http://localhost:3000/node_modules/.vite/deps/react-dom_client.js?v=b5b6ec5b:14335
[  242384ms] [WARNING] [tanstack-router] These exports from "C:/Users/smartlink/myfiles/orion/src/routes/auth/login.tsx" will not be code-split and will increase your bundle size:
- AuthPage
For the best optimization, these items should either have their export statements removed, or be imported from another location that is not a route file. @ http://localhost:3000/src/routes/__root.tsx:193
[  242563ms] [ERROR] Failed to load resource: the server responded with a status of 401 (Unauthorized) @ http://localhost:3001/api/auth/me:0
[  242564ms] [ERROR] Failed to load resource: the server responded with a status of 401 (Unauthorized) @ http://localhost:3001/api/graphs/label/space?workspaceId=vMYUVNRCEHmu:0
[  242602ms] [ERROR] %o

%s

%s
 ReferenceError: AppLayout is not defined
    at ListTasksPage (http://localhost:3000/src/routes/workspace/$id/s/l/$listid.tsx?t=1789052243344&tsr-split=component:34:33)
    at Object.react_stack_bottom_frame (http://localhost:3000/node_modules/.vite/deps/react-dom_client.js?v=b5b6ec5b:12866:12)
    at renderWithHooks (http://localhost:3000/node_modules/.vite/deps/react-dom_client.js?v=b5b6ec5b:4213:19)
    at updateFunctionComponent (http://localhost:3000/node_modules/.vite/deps/react-dom_client.js?v=b5b6ec5b:5569:16)
    at beginWork (http://localhost:3000/node_modules/.vite/deps/react-dom_client.js?v=b5b6ec5b:6140:20)
    at runWithFiberInDEV (http://localhost:3000/node_modules/.vite/deps/react-dom_client.js?v=b5b6ec5b:851:66)
    at performUnitOfWork (http://localhost:3000/node_modules/.vite/deps/react-dom_client.js?v=b5b6ec5b:8429:92)
    at workLoopSync (http://localhost:3000/node_modules/.vite/deps/react-dom_client.js?v=b5b6ec5b:8325:37)
    at renderRootSync (http://localhost:3000/node_modules/.vite/deps/react-dom_client.js?v=b5b6ec5b:8309:6)
    at performWorkOnRoot (http://localhost:3000/node_modules/.vite/deps/react-dom_client.js?v=b5b6ec5b:7994:27) The above error occurred in the <ListTasksPage> component. React will try to recreate this component tree from scratch using the error boundary you provided, CatchBoundary. @ http://localhost:3000/src/routes/__root.tsx:193
[  242602ms] [WARNING] Warning: The following error wasn't caught by any route! At the very least, consider setting an 'errorComponent' in your RootRoute! @ http://localhost:3000/src/routes/__root.tsx:193
[  242602ms] [WARNING] Warning: AppLayout is not defined @ http://localhost:3000/src/routes/__root.tsx:193
[  245520ms] [INFO] %cDownload the React DevTools for a better development experience: https://react.dev/link/react-devtools font-weight:bold @ http://localhost:3000/node_modules/.vite/deps/react-dom_client.js?v=b5b6ec5b:14335
[  245529ms] [WARNING] [tanstack-router] These exports from "C:/Users/smartlink/myfiles/orion/src/routes/auth/login.tsx" will not be code-split and will increase your bundle size:
- AuthPage
For the best optimization, these items should either have their export statements removed, or be imported from another location that is not a route file. @ http://localhost:3000/src/routes/__root.tsx:193
[  245598ms] [ERROR] Failed to load resource: the server responded with a status of 401 (Unauthorized) @ http://localhost:3001/api/auth/me:0
[  245600ms] [ERROR] Failed to load resource: the server responded with a status of 401 (Unauthorized) @ http://localhost:3001/api/graphs/label/space?workspaceId=vMYUVNRCEHmu:0
[  245645ms] [ERROR] %o

%s

%s
 ReferenceError: AppLayout is not defined
    at ListTasksPage (http://localhost:3000/src/routes/workspace/$id/s/l/$listid.tsx?t=1789052243344&tsr-split=component:34:33)
    at Object.react_stack_bottom_frame (http://localhost:3000/node_modules/.vite/deps/react-dom_client.js?v=b5b6ec5b:12866:12)
    at renderWithHooks (http://localhost:3000/node_modules/.vite/deps/react-dom_client.js?v=b5b6ec5b:4213:19)
    at updateFunctionComponent (http://localhost:3000/node_modules/.vite/deps/react-dom_client.js?v=b5b6ec5b:5569:16)
    at beginWork (http://localhost:3000/node_modules/.vite/deps/react-dom_client.js?v=b5b6ec5b:6140:20)
    at runWithFiberInDEV (http://localhost:3000/node_modules/.vite/deps/react-dom_client.js?v=b5b6ec5b:851:66)
    at performUnitOfWork (http://localhost:3000/node_modules/.vite/deps/react-dom_client.js?v=b5b6ec5b:8429:92)
    at workLoopSync (http://localhost:3000/node_modules/.vite/deps/react-dom_client.js?v=b5b6ec5b:8325:37)
    at renderRootSync (http://localhost:3000/node_modules/.vite/deps/react-dom_client.js?v=b5b6ec5b:8309:6)
    at performWorkOnRoot (http://localhost:3000/node_modules/.vite/deps/react-dom_client.js?v=b5b6ec5b:7994:27) The above error occurred in the <ListTasksPage> component. React will try to recreate this component tree from scratch using the error boundary you provided, CatchBoundary. @ http://localhost:3000/src/routes/__root.tsx:193
[  245646ms] [WARNING] Warning: The following error wasn't caught by any route! At the very least, consider setting an 'errorComponent' in your RootRoute! @ http://localhost:3000/src/routes/__root.tsx:193
[  245646ms] [WARNING] Warning: AppLayout is not defined @ http://localhost:3000/src/routes/__root.tsx:193
[  246404ms] [LOG] %c[Server]%c color: #9333ea; font-weight: bold; color: inherit; 21.57.29 [vite] (client) hmr update /src/styles.css?direct, /src/routes/workspace/$id/s/l/$listid.tsx, /src/routes/workspace/$id/s/l/$listid.tsx?tsr-split=component @ http://localhost:3000/src/routes/__root.tsx:259
[  246405ms] [LOG] %c[Server]%c color: #9333ea; font-weight: bold; color: inherit; 21.57.29 [vite] (ssr) page reload src/routes/workspace/$id/s/l/$listid.tsx @ http://localhost:3000/src/routes/__root.tsx:259
[  246405ms] [LOG] %c[Server]%c color: #9333ea; font-weight: bold; color: inherit; 21.57.29 [vite] (ssr) program reload @ http://localhost:3000/src/routes/__root.tsx:259
[  246477ms] [ERROR] Failed to load resource: the server responded with a status of 401 (Unauthorized) @ http://localhost:3001/api/auth/me:0
[  246478ms] [ERROR] Failed to load resource: the server responded with a status of 401 (Unauthorized) @ http://localhost:3001/api/auth/me:0
[  246518ms] [ERROR] %o

%s

%s
 ReferenceError: AppLayout is not defined
    at ListTasksPage (http://localhost:3000/src/routes/workspace/$id/s/l/$listid.tsx?t=1789052243344&tsr-split=component:34:33)
    at Object.react_stack_bottom_frame (http://localhost:3000/node_modules/.vite/deps/react-dom_client.js?v=b5b6ec5b:12866:12)
    at renderWithHooks (http://localhost:3000/node_modules/.vite/deps/react-dom_client.js?v=b5b6ec5b:4213:19)
    at updateFunctionComponent (http://localhost:3000/node_modules/.vite/deps/react-dom_client.js?v=b5b6ec5b:5569:16)
    at beginWork (http://localhost:3000/node_modules/.vite/deps/react-dom_client.js?v=b5b6ec5b:6140:20)
    at runWithFiberInDEV (http://localhost:3000/node_modules/.vite/deps/react-dom_client.js?v=b5b6ec5b:851:66)
    at performUnitOfWork (http://localhost:3000/node_modules/.vite/deps/react-dom_client.js?v=b5b6ec5b:8429:92)
    at workLoopSync (http://localhost:3000/node_modules/.vite/deps/react-dom_client.js?v=b5b6ec5b:8325:37)
    at renderRootSync (http://localhost:3000/node_modules/.vite/deps/react-dom_client.js?v=b5b6ec5b:8309:6)
    at performWorkOnRoot (http://localhost:3000/node_modules/.vite/deps/react-dom_client.js?v=b5b6ec5b:7994:27) The above error occurred in the <ListTasksPage> component. React will try to recreate this component tree from scratch using the error boundary you provided, CatchBoundary. @ http://localhost:3000/src/routes/__root.tsx:193
[  246519ms] [WARNING] Warning: The following error wasn't caught by any route! At the very least, consider setting an 'errorComponent' in your RootRoute! @ http://localhost:3000/src/routes/__root.tsx:193
[  246519ms] [WARNING] Warning: AppLayout is not defined @ http://localhost:3000/src/routes/__root.tsx:193
[  251392ms] [INFO] %cDownload the React DevTools for a better development experience: https://react.dev/link/react-devtools font-weight:bold @ http://localhost:3000/node_modules/.vite/deps/react-dom_client.js?v=b5b6ec5b:14335
[  251397ms] [WARNING] [tanstack-router] These exports from "C:/Users/smartlink/myfiles/orion/src/routes/auth/login.tsx" will not be code-split and will increase your bundle size:
- AuthPage
For the best optimization, these items should either have their export statements removed, or be imported from another location that is not a route file. @ http://localhost:3000/src/routes/__root.tsx:193
[  251573ms] [ERROR] Failed to load resource: the server responded with a status of 401 (Unauthorized) @ http://localhost:3001/api/auth/me:0
[  251574ms] [ERROR] Failed to load resource: the server responded with a status of 401 (Unauthorized) @ http://localhost:3001/api/graphs/label/space?workspaceId=vMYUVNRCEHmu:0
[  252114ms] [LOG] %c[Server]%c color: #9333ea; font-weight: bold; color: inherit; 21.57.35 [vite] (client) page reload src/routeTree.gen.ts @ http://localhost:3000/src/routes/__root.tsx:259
[  252114ms] [LOG] %c[Server]%c color: #9333ea; font-weight: bold; color: inherit; 21.57.35 [vite] (ssr) page reload src/routeTree.gen.ts @ http://localhost:3000/src/routes/__root.tsx:259
[  252114ms] [LOG] %c[Server]%c color: #9333ea; font-weight: bold; color: inherit; 21.57.35 [vite] (ssr) program reload @ http://localhost:3000/src/routes/__root.tsx:259
[  252114ms] [LOG] %c[Server]%c color: #9333ea; font-weight: bold; color: inherit; 21.57.35 [vite] (client) page reload src/routeTree.gen.ts @ http://localhost:3000/src/routes/__root.tsx:259
[  252114ms] [LOG] %c[Server]%c color: #9333ea; font-weight: bold; color: inherit; 21.57.35 [vite] (ssr) page reload src/routeTree.gen.ts @ http://localhost:3000/src/routes/__root.tsx:259
[  252477ms] [INFO] %cDownload the React DevTools for a better development experience: https://react.dev/link/react-devtools font-weight:bold @ http://localhost:3000/node_modules/.vite/deps/react-dom_client.js?v=b5b6ec5b:14335
[  252484ms] [WARNING] [tanstack-router] These exports from "C:/Users/smartlink/myfiles/orion/src/routes/auth/login.tsx" will not be code-split and will increase your bundle size:
- AuthPage
For the best optimization, these items should either have their export statements removed, or be imported from another location that is not a route file. @ http://localhost:3000/src/routes/__root.tsx:193
[  252582ms] [ERROR] Failed to load resource: the server responded with a status of 401 (Unauthorized) @ http://localhost:3001/api/auth/me:0
[  252635ms] [ERROR] Failed to load resource: the server responded with a status of 401 (Unauthorized) @ http://localhost:3001/api/graphs/label/space?workspaceId=vMYUVNRCEHmu:0
[  253644ms] [ERROR] Failed to load resource: the server responded with a status of 401 (Unauthorized) @ http://localhost:3001/api/graphs/label/space?workspaceId=vMYUVNRCEHmu:0
[  255663ms] [ERROR] Failed to load resource: the server responded with a status of 401 (Unauthorized) @ http://localhost:3001/api/graphs/label/space?workspaceId=vMYUVNRCEHmu:0
[  259673ms] [ERROR] Failed to load resource: the server responded with a status of 401 (Unauthorized) @ http://localhost:3001/api/graphs/label/space?workspaceId=vMYUVNRCEHmu:0
[  281093ms] [LOG] [vite] server connection lost. Polling for restart... @ http://localhost:3000/src/routes/__root.tsx:193
[  281095ms] [ERROR] Failed to load resource: net::ERR_CONNECTION_RESET @ http://localhost:3000/__tsd/console-pipe/sse:0
[  283529ms] [ERROR] Failed to load resource: net::ERR_CONNECTION_REFUSED @ http://localhost:3000/__tsd/console-pipe:0
[  288776ms] [INFO] %cDownload the React DevTools for a better development experience: https://react.dev/link/react-devtools font-weight:bold @ http://localhost:3000/node_modules/.vite/deps/react-dom_client.js?v=b5b6ec5b:14335
[  288781ms] [WARNING] [tanstack-router] These exports from "C:/Users/smartlink/myfiles/orion/src/routes/auth/login.tsx" will not be code-split and will increase your bundle size:
- AuthPage
For the best optimization, these items should either have their export statements removed, or be imported from another location that is not a route file. @ http://localhost:3000/src/routes/__root.tsx:193
[  289183ms] [ERROR] Failed to load resource: the server responded with a status of 401 (Unauthorized) @ http://localhost:3001/api/auth/me:0
[  289184ms] [ERROR] Failed to load resource: the server responded with a status of 401 (Unauthorized) @ http://localhost:3001/api/graphs/label/space?workspaceId=vMYUVNRCEHmu:0
[  290192ms] [ERROR] Failed to load resource: the server responded with a status of 401 (Unauthorized) @ http://localhost:3001/api/graphs/label/space?workspaceId=vMYUVNRCEHmu:0
[  292211ms] [ERROR] Failed to load resource: the server responded with a status of 401 (Unauthorized) @ http://localhost:3001/api/graphs/label/space?workspaceId=vMYUVNRCEHmu:0
[  296221ms] [ERROR] Failed to load resource: the server responded with a status of 401 (Unauthorized) @ http://localhost:3001/api/graphs/label/space?workspaceId=vMYUVNRCEHmu:0
