[     557ms] [INFO] %cDownload the React DevTools for a better development experience: https://react.dev/link/react-devtools font-weight:bold @ http://localhost:3000/node_modules/.vite/deps/react-dom_client.js?v=9b07a86f:14335
[     561ms] [WARNING] [tanstack-router] These exports from "C:/Users/smartlink/myfiles/orion/src/routes/login.tsx" will not be code-split and will increase your bundle size:
- AuthPage
For the best optimization, these items should either have their export statements removed, or be imported from another location that is not a route file. @ http://localhost:3000/src/routes/__root.tsx:193
[  103889ms] [LOG] %c[Server]%c color: #9333ea; font-weight: bold; color: inherit; 15.33.10 [vite] (client) hmr update /src/styles.css?direct, /src/components/fragment/Sidebar.tsx @ http://localhost:3000/src/routes/__root.tsx:259
[  103889ms] [LOG] %c[Server]%c color: #9333ea; font-weight: bold; color: inherit; 15.33.10 [vite] (ssr) page reload src/components/fragment/Sidebar.tsx @ http://localhost:3000/src/routes/__root.tsx:259
[  103889ms] [LOG] %c[Server]%c color: #9333ea; font-weight: bold; color: inherit; 15.33.10 [vite] (ssr) program reload @ http://localhost:3000/src/routes/__root.tsx:259
[  104110ms] [ERROR] %o

%s

%s
 TypeError: Cannot read properties of undefined (reading 'map')
    at Sidebar (http://localhost:3000/src/components/fragment/Sidebar.tsx?t=1787992390656:170:20)
    at Object.react_stack_bottom_frame (http://localhost:3000/node_modules/.vite/deps/react-dom_client.js?v=9b07a86f:12866:12)
    at renderWithHooks (http://localhost:3000/node_modules/.vite/deps/react-dom_client.js?v=9b07a86f:4213:19)
    at updateFunctionComponent (http://localhost:3000/node_modules/.vite/deps/react-dom_client.js?v=9b07a86f:5569:16)
    at beginWork (http://localhost:3000/node_modules/.vite/deps/react-dom_client.js?v=9b07a86f:6140:20)
    at runWithFiberInDEV (http://localhost:3000/node_modules/.vite/deps/react-dom_client.js?v=9b07a86f:851:66)
    at performUnitOfWork (http://localhost:3000/node_modules/.vite/deps/react-dom_client.js?v=9b07a86f:8429:92)
    at workLoopSync (http://localhost:3000/node_modules/.vite/deps/react-dom_client.js?v=9b07a86f:8325:37)
    at renderRootSync (http://localhost:3000/node_modules/.vite/deps/react-dom_client.js?v=9b07a86f:8309:6)
    at performWorkOnRoot (http://localhost:3000/node_modules/.vite/deps/react-dom_client.js?v=9b07a86f:7994:27) The above error occurred in the <Sidebar> component. React will try to recreate this component tree from scratch using the error boundary you provided, CatchBoundary. @ http://localhost:3000/src/routes/__root.tsx:193
[  104110ms] [WARNING] Warning: The following error wasn't caught by any route! At the very least, consider setting an 'errorComponent' in your RootRoute! @ http://localhost:3000/src/routes/__root.tsx:193
[  104110ms] [WARNING] Warning: Cannot read properties of undefined (reading 'map') @ http://localhost:3000/src/routes/__root.tsx:193
[  105649ms] [ERROR] %c[Server]%c color: #9333ea; font-weight: bold; color: inherit; Error in renderToReadableStream: {name: TypeError, message: Cannot read properties of undefined (reading 'map'), stack: TypeError: Cannot read properties of undefined (re…cjs\react-dom-server.node.development.js:6614:11)} {componentStack: 
    at Sidebar (C:/Users/smartlink/myfiles/orion/…eact-start-server/dist/esm/StartServer.js:13:113)} @ http://localhost:3000/src/routes/__root.tsx:259
[  131182ms] [LOG] %c[Server]%c color: #9333ea; font-weight: bold; color: inherit; 15.33.37 [vite] (client) hmr update /src/styles.css?direct @ http://localhost:3000/src/routes/__root.tsx:259
[  131182ms] [LOG] %c[Server]%c color: #9333ea; font-weight: bold; color: inherit; 15.33.37 [vite] (client) hmr update /src/styles.css?direct, /src/routes/index.tsx, /src/routes/index.tsx?tsr-split=component @ http://localhost:3000/src/routes/__root.tsx:259
[  131182ms] [LOG] %c[Server]%c color: #9333ea; font-weight: bold; color: inherit; 15.33.37 [vite] (ssr) page reload src/routes/index.tsx @ http://localhost:3000/src/routes/__root.tsx:259
[  131183ms] [LOG] %c[Server]%c color: #9333ea; font-weight: bold; color: inherit; 15.33.37 [vite] (ssr) program reload @ http://localhost:3000/src/routes/__root.tsx:259
[  131588ms] [ERROR] %o

%s

%s
 TypeError: Cannot read properties of undefined (reading 'map')
    at Sidebar (http://localhost:3000/src/components/fragment/Sidebar.tsx?t=1787992390656:170:20)
    at Object.react_stack_bottom_frame (http://localhost:3000/node_modules/.vite/deps/react-dom_client.js?v=9b07a86f:12866:12)
    at renderWithHooks (http://localhost:3000/node_modules/.vite/deps/react-dom_client.js?v=9b07a86f:4213:19)
    at updateFunctionComponent (http://localhost:3000/node_modules/.vite/deps/react-dom_client.js?v=9b07a86f:5569:16)
    at beginWork (http://localhost:3000/node_modules/.vite/deps/react-dom_client.js?v=9b07a86f:6140:20)
    at runWithFiberInDEV (http://localhost:3000/node_modules/.vite/deps/react-dom_client.js?v=9b07a86f:851:66)
    at performUnitOfWork (http://localhost:3000/node_modules/.vite/deps/react-dom_client.js?v=9b07a86f:8429:92)
    at workLoopSync (http://localhost:3000/node_modules/.vite/deps/react-dom_client.js?v=9b07a86f:8325:37)
    at renderRootSync (http://localhost:3000/node_modules/.vite/deps/react-dom_client.js?v=9b07a86f:8309:6)
    at performWorkOnRoot (http://localhost:3000/node_modules/.vite/deps/react-dom_client.js?v=9b07a86f:7994:27) The above error occurred in the <Sidebar> component. React will try to recreate this component tree from scratch using the error boundary you provided, CatchBoundary. @ http://localhost:3000/src/routes/__root.tsx:193
[  131589ms] [WARNING] Warning: The following error wasn't caught by any route! At the very least, consider setting an 'errorComponent' in your RootRoute! @ http://localhost:3000/src/routes/__root.tsx:193
[  131589ms] [WARNING] Warning: Cannot read properties of undefined (reading 'map') @ http://localhost:3000/src/routes/__root.tsx:193
[  156241ms] [LOG] %c[Server]%c color: #9333ea; font-weight: bold; color: inherit; 15.34.02 [vite] (client) hmr update /src/styles.css?direct @ http://localhost:3000/src/routes/__root.tsx:259
[  241996ms] [LOG] %c[Server]%c color: #9333ea; font-weight: bold; color: inherit; 15.35.28 [vite] (client) hmr update /src/styles.css?direct, /src/routes/index.tsx, /src/routes/index.tsx?tsr-split=component @ http://localhost:3000/src/routes/__root.tsx:259
[  241996ms] [LOG] %c[Server]%c color: #9333ea; font-weight: bold; color: inherit; 15.35.28 [vite] (ssr) page reload src/routes/index.tsx @ http://localhost:3000/src/routes/__root.tsx:259
[  241996ms] [LOG] %c[Server]%c color: #9333ea; font-weight: bold; color: inherit; 15.35.28 [vite] (ssr) program reload @ http://localhost:3000/src/routes/__root.tsx:259
[  253104ms] [LOG] %c[Server]%c color: #9333ea; font-weight: bold; color: inherit; 15.35.39 [vite] (client) hmr update /src/styles.css?direct, /src/components/ui/Search.tsx @ http://localhost:3000/src/routes/__root.tsx:259
[  253105ms] [LOG] %c[Server]%c color: #9333ea; font-weight: bold; color: inherit; 15.35.39 [vite] (ssr) page reload src/components/ui/Search.tsx @ http://localhost:3000/src/routes/__root.tsx:259
[  253105ms] [LOG] %c[Server]%c color: #9333ea; font-weight: bold; color: inherit; 15.35.39 [vite] (client) hmr update /src/styles.css?direct, /src/components/fragment/Navbar.tsx @ http://localhost:3000/src/routes/__root.tsx:259
[  253105ms] [LOG] %c[Server]%c color: #9333ea; font-weight: bold; color: inherit; 15.35.39 [vite] (ssr) page reload src/components/fragment/Navbar.tsx @ http://localhost:3000/src/routes/__root.tsx:259
[  307331ms] [LOG] %c[Server]%c color: #9333ea; font-weight: bold; color: inherit; 15.36.34 [vite] (client) hmr update /src/styles.css?direct, /src/components/fragment/Sidebar.tsx @ http://localhost:3000/src/routes/__root.tsx:259
[  307332ms] [LOG] %c[Server]%c color: #9333ea; font-weight: bold; color: inherit; 15.36.34 [vite] (ssr) page reload src/components/fragment/Sidebar.tsx @ http://localhost:3000/src/routes/__root.tsx:259
[  349517ms] [LOG] %c[Server]%c color: #9333ea; font-weight: bold; color: inherit; 15.37.16 [vite] (client) hmr update /src/styles.css?direct, /src/components/fragment/Sidebar.tsx @ http://localhost:3000/src/routes/__root.tsx:259
[  349517ms] [LOG] %c[Server]%c color: #9333ea; font-weight: bold; color: inherit; 15.37.16 [vite] (ssr) page reload src/components/fragment/Sidebar.tsx @ http://localhost:3000/src/routes/__root.tsx:259
[  422056ms] [LOG] %c[Server]%c color: #9333ea; font-weight: bold; color: inherit; 15.38.28 [vite] (client) hmr update /src/styles.css?direct, /src/routes/__root.tsx @ http://localhost:3000/src/routes/__root.tsx:259
[  422056ms] [LOG] %c[Server]%c color: #9333ea; font-weight: bold; color: inherit; 15.38.28 [vite] (ssr) page reload src/styles.css @ http://localhost:3000/src/routes/__root.tsx:259
[  422056ms] [LOG] %c[Server]%c color: #9333ea; font-weight: bold; color: inherit; 15.38.28 [vite] (ssr) program reload @ http://localhost:3000/src/routes/__root.tsx:259
[  433958ms] [LOG] %c[Server]%c color: #9333ea; font-weight: bold; color: inherit; 15.38.40 [vite] (client) hmr update /src/styles.css?direct, /src/routes/__root.tsx @ http://localhost:3000/src/routes/__root.tsx:259
[  433958ms] [LOG] %c[Server]%c color: #9333ea; font-weight: bold; color: inherit; 15.38.40 [vite] (ssr) page reload src/styles.css @ http://localhost:3000/src/routes/__root.tsx:259
[  506969ms] [LOG] %c[Server]%c color: #9333ea; font-weight: bold; color: inherit; 15.39.53 [vite] (client) hmr update /src/styles.css?direct, /src/components/ui/Button.tsx @ http://localhost:3000/src/routes/__root.tsx:259
[  506969ms] [LOG] %c[Server]%c color: #9333ea; font-weight: bold; color: inherit; 15.39.53 [vite] (ssr) page reload src/components/ui/Button.tsx @ http://localhost:3000/src/routes/__root.tsx:259
[  506969ms] [LOG] %c[Server]%c color: #9333ea; font-weight: bold; color: inherit; 15.39.53 [vite] (ssr) program reload @ http://localhost:3000/src/routes/__root.tsx:259
[  507050ms] [LOG] %c[Server]%c color: #9333ea; font-weight: bold; color: inherit; 15.39.53 [vite] (client) hmr update /src/styles.css?direct, /src/components/ui/Dropdown.tsx @ http://localhost:3000/src/routes/__root.tsx:259
[  507051ms] [LOG] %c[Server]%c color: #9333ea; font-weight: bold; color: inherit; 15.39.53 [vite] (ssr) page reload src/components/ui/Dropdown.tsx @ http://localhost:3000/src/routes/__root.tsx:259
[  507051ms] [LOG] %c[Server]%c color: #9333ea; font-weight: bold; color: inherit; 15.39.53 [vite] (client) hmr update /src/styles.css?direct, /src/components/ui/Input.tsx @ http://localhost:3000/src/routes/__root.tsx:259
[  507051ms] [LOG] %c[Server]%c color: #9333ea; font-weight: bold; color: inherit; 15.39.53 [vite] (ssr) page reload src/components/ui/Input.tsx @ http://localhost:3000/src/routes/__root.tsx:259
[  507051ms] [LOG] %c[Server]%c color: #9333ea; font-weight: bold; color: inherit; 15.39.53 [vite] (client) hmr update /src/styles.css?direct, /src/components/ui/Modal.tsx @ http://localhost:3000/src/routes/__root.tsx:259
[  507051ms] [LOG] %c[Server]%c color: #9333ea; font-weight: bold; color: inherit; 15.39.53 [vite] (ssr) page reload src/components/ui/Modal.tsx @ http://localhost:3000/src/routes/__root.tsx:259
[  507051ms] [LOG] %c[Server]%c color: #9333ea; font-weight: bold; color: inherit; 15.39.53 [vite] (client) hmr update /src/styles.css?direct, /src/components/fragment/Navbar.tsx @ http://localhost:3000/src/routes/__root.tsx:259
[  507051ms] [LOG] %c[Server]%c color: #9333ea; font-weight: bold; color: inherit; 15.39.53 [vite] (ssr) page reload src/components/fragment/Navbar.tsx @ http://localhost:3000/src/routes/__root.tsx:259
[  507051ms] [LOG] %c[Server]%c color: #9333ea; font-weight: bold; color: inherit; 15.39.53 [vite] (client) hmr update /src/styles.css?direct, /src/components/ui/Search.tsx @ http://localhost:3000/src/routes/__root.tsx:259
[  507051ms] [LOG] %c[Server]%c color: #9333ea; font-weight: bold; color: inherit; 15.39.53 [vite] (ssr) page reload src/components/ui/Search.tsx @ http://localhost:3000/src/routes/__root.tsx:259
[  507051ms] [LOG] %c[Server]%c color: #9333ea; font-weight: bold; color: inherit; 15.39.53 [vite] (client) hmr update /src/styles.css?direct, /src/components/fragment/Sidebar.tsx @ http://localhost:3000/src/routes/__root.tsx:259
[  507051ms] [LOG] %c[Server]%c color: #9333ea; font-weight: bold; color: inherit; 15.39.53 [vite] (ssr) page reload src/components/fragment/Sidebar.tsx @ http://localhost:3000/src/routes/__root.tsx:259
[  528161ms] [LOG] %c[Server]%c color: #9333ea; font-weight: bold; color: inherit; 15.40.14 [vite] (client) hmr update /src/styles.css?direct, /src/components/fragment/Navbar.tsx @ http://localhost:3000/src/routes/__root.tsx:259
[  528161ms] [LOG] %c[Server]%c color: #9333ea; font-weight: bold; color: inherit; 15.40.14 [vite] (ssr) page reload src/components/fragment/Navbar.tsx @ http://localhost:3000/src/routes/__root.tsx:259
[  528161ms] [LOG] %c[Server]%c color: #9333ea; font-weight: bold; color: inherit; 15.40.14 [vite] (ssr) program reload @ http://localhost:3000/src/routes/__root.tsx:259
[  528161ms] [LOG] %c[Server]%c color: #9333ea; font-weight: bold; color: inherit; 15.40.14 [vite] (client) hmr update /src/styles.css?direct, /src/components/ui/Search.tsx @ http://localhost:3000/src/routes/__root.tsx:259
[  528161ms] [LOG] %c[Server]%c color: #9333ea; font-weight: bold; color: inherit; 15.40.14 [vite] (ssr) page reload src/components/ui/Search.tsx @ http://localhost:3000/src/routes/__root.tsx:259
[  540512ms] [LOG] %c[Server]%c color: #9333ea; font-weight: bold; color: inherit; 15.40.27 [vite] (client) hmr update /src/styles.css?direct, /src/components/ui/Input.tsx @ http://localhost:3000/src/routes/__root.tsx:259
[  540512ms] [LOG] %c[Server]%c color: #9333ea; font-weight: bold; color: inherit; 15.40.27 [vite] (ssr) page reload src/components/ui/Input.tsx @ http://localhost:3000/src/routes/__root.tsx:259
[  540746ms] [LOG] %c[Server]%c color: #9333ea; font-weight: bold; color: inherit; 15.40.27 [vite] (client) hmr update /src/styles.css?direct, /src/components/ui/Search.tsx @ http://localhost:3000/src/routes/__root.tsx:259
[  540746ms] [LOG] %c[Server]%c color: #9333ea; font-weight: bold; color: inherit; 15.40.27 [vite] (ssr) page reload src/components/ui/Search.tsx @ http://localhost:3000/src/routes/__root.tsx:259
[  607758ms] [LOG] %c[Server]%c color: #9333ea; font-weight: bold; color: inherit; 15.41.34 [vite] (client) hmr update /src/styles.css?direct, /src/routes/index.tsx, /src/routes/index.tsx?tsr-split=component @ http://localhost:3000/src/routes/__root.tsx:259
[  607758ms] [LOG] %c[Server]%c color: #9333ea; font-weight: bold; color: inherit; 15.41.34 [vite] (ssr) page reload src/routes/index.tsx @ http://localhost:3000/src/routes/__root.tsx:259
[  611181ms] [LOG] %c[Server]%c color: #9333ea; font-weight: bold; color: inherit; 15.41.37 [vite] (client) hmr update /src/styles.css?direct, /src/components/fragment/Navbar.tsx @ http://localhost:3000/src/routes/__root.tsx:259
[  611181ms] [LOG] %c[Server]%c color: #9333ea; font-weight: bold; color: inherit; 15.41.37 [vite] (ssr) page reload src/components/fragment/Navbar.tsx @ http://localhost:3000/src/routes/__root.tsx:259
